Component: ARM Compiler 6.16 Tool: armlink [5dfeaa00]

==============================================================================

Section Cross References

    ibus.o(.text.USART1_IRQHandler) refers to ibus.o(.bss.rxFrameDone) for rxFrameDone
    ibus.o(.text.USART1_IRQHandler) refers to ibus.o(.bss.ibusIndex) for ibusIndex
    ibus.o(.text.USART1_IRQHandler) refers to ibus.o(.bss.ibus) for ibus
    ibus.o(.text.USART1_IRQHandler) refers to ibus.o(.bss.rcValue) for rcValue
    ibus.o(.ARM.exidx.text.USART1_IRQHandler) refers to ibus.o(.text.USART1_IRQHandler) for [Anonymous Symbol]
    led_config.o(.ARM.exidx.text.ledSetup) refers to led_config.o(.text.ledSetup) for [Anonymous Symbol]
    mahonyahrs.o(.text.MadgwickAHRSupdate) refers to mahonyahrs.o(.text.MadgwickAHRSupdateIMU) for MadgwickAHRSupdateIMU
    mahonyahrs.o(.text.MadgwickAHRSupdate) refers to mahonyahrs.o(.bss.q1) for q1
    mahonyahrs.o(.text.MadgwickAHRSupdate) refers to mahonyahrs.o(.bss.q2) for q2
    mahonyahrs.o(.text.MadgwickAHRSupdate) refers to mahonyahrs.o(.bss.q3) for q3
    mahonyahrs.o(.text.MadgwickAHRSupdate) refers to mahonyahrs.o(.data.q0) for q0
    mahonyahrs.o(.text.MadgwickAHRSupdate) refers to mahonyahrs.o(.text.invSqrt) for invSqrt
    mahonyahrs.o(.text.MadgwickAHRSupdate) refers to mahonyahrs.o(.data.beta) for beta
    mahonyahrs.o(.text.MadgwickAHRSupdate) refers to sqrtf.o(i.__hardfp_sqrtf) for __hardfp_sqrtf
    mahonyahrs.o(.ARM.exidx.text.MadgwickAHRSupdate) refers to mahonyahrs.o(.text.MadgwickAHRSupdate) for [Anonymous Symbol]
    mahonyahrs.o(.text.MadgwickAHRSupdateIMU) refers to mahonyahrs.o(.bss.q1) for q1
    mahonyahrs.o(.text.MadgwickAHRSupdateIMU) refers to mahonyahrs.o(.bss.q2) for q2
    mahonyahrs.o(.text.MadgwickAHRSupdateIMU) refers to mahonyahrs.o(.bss.q3) for q3
    mahonyahrs.o(.text.MadgwickAHRSupdateIMU) refers to mahonyahrs.o(.data.q0) for q0
    mahonyahrs.o(.text.MadgwickAHRSupdateIMU) refers to mahonyahrs.o(.text.invSqrt) for invSqrt
    mahonyahrs.o(.text.MadgwickAHRSupdateIMU) refers to mahonyahrs.o(.data.beta) for beta
    mahonyahrs.o(.text.MadgwickAHRSupdateIMU) refers to atan2f.o(i.__hardfp_atan2f) for __hardfp_atan2f
    mahonyahrs.o(.text.MadgwickAHRSupdateIMU) refers to mahonyahrs.o(.bss.rollAHRS) for rollAHRS
    mahonyahrs.o(.text.MadgwickAHRSupdateIMU) refers to asinf.o(i.__hardfp_asinf) for __hardfp_asinf
    mahonyahrs.o(.text.MadgwickAHRSupdateIMU) refers to mahonyahrs.o(.bss.pitchAHRS) for pitchAHRS
    mahonyahrs.o(.ARM.exidx.text.MadgwickAHRSupdateIMU) refers to mahonyahrs.o(.text.MadgwickAHRSupdateIMU) for [Anonymous Symbol]
    mahonyahrs.o(.ARM.exidx.text.invSqrt) refers to mahonyahrs.o(.text.invSqrt) for [Anonymous Symbol]
    main.o(.text.main) refers to task.o(.text.sysSetup) for sysSetup
    main.o(.text.main) refers to task.o(.text.sensorCheck) for sensorCheck
    main.o(.text.main) refers to task.o(.text.sensorInit) for sensorInit
    main.o(.text.main) refers to task.o(.text.sensorCalibrate) for sensorCalibrate
    main.o(.text.main) refers to task.o(.text.armESC) for armESC
    main.o(.text.main) refers to rcc_config.o(.text.micros) for micros
    main.o(.text.main) refers to task.o(.text.flightProcedure) for flightProcedure
    main.o(.ARM.exidx.text.main) refers to main.o(.text.main) for [Anonymous Symbol]
    mixer.o(.text.outputMotors) refers to ibus.o(.bss.rcValue) for rcValue
    mixer.o(.text.outputMotors) refers to pid.o(.bss.start) for start
    mixer.o(.text.outputMotors) refers to mixer.o(.bss.esc_2) for esc_2
    mixer.o(.text.outputMotors) refers to mixer.o(.bss.esc_1) for esc_1
    mixer.o(.text.outputMotors) refers to mixer.o(.bss.esc_3) for esc_3
    mixer.o(.text.outputMotors) refers to mixer.o(.bss.esc_4) for esc_4
    mixer.o(.text.outputMotors) refers to pid.o(.bss.pid_output_pitch) for pid_output_pitch
    mixer.o(.text.outputMotors) refers to pid.o(.bss.pid_output_roll) for pid_output_roll
    mixer.o(.text.outputMotors) refers to pid.o(.bss.pid_output_yaw) for pid_output_yaw
    mixer.o(.text.outputMotors) refers to timer.o(.text.convertPWMtoDshot) for convertPWMtoDshot
    mixer.o(.text.outputMotors) refers to mixer.o(.bss.dshot_1) for dshot_1
    mixer.o(.text.outputMotors) refers to mixer.o(.bss.dshot_2) for dshot_2
    mixer.o(.text.outputMotors) refers to mixer.o(.bss.dshot_3) for dshot_3
    mixer.o(.text.outputMotors) refers to timer.o(.text.DshotIssueCommand) for DshotIssueCommand
    mixer.o(.ARM.exidx.text.outputMotors) refers to mixer.o(.text.outputMotors) for [Anonymous Symbol]
    mpu6000.o(.text.isPresentMPU6000) refers to spi.o(.text.SPITransfer) for SPITransfer
    mpu6000.o(.ARM.exidx.text.isPresentMPU6000) refers to mpu6000.o(.text.isPresentMPU6000) for [Anonymous Symbol]
    mpu6000.o(.text.initMPU6000) refers to spi.o(.text.SPITransfer) for SPITransfer
    mpu6000.o(.text.initMPU6000) refers to rcc_config.o(.text.delayMilliseconds) for delayMilliseconds
[...]
    libinit.o(.ARM.Collect$$libinit$$00000000) refers (Special) to libinit2.o(.ARM.Collect$$libinit$$0000001B) for __rt_lib_init_atexit_1
    libinit.o(.ARM.Collect$$libinit$$00000000) refers (Special) to libinit2.o(.ARM.Collect$$libinit$$00000021) for __rt_lib_init_clock_1
    libinit.o(.ARM.Collect$$libinit$$00000000) refers (Special) to libinit2.o(.ARM.Collect$$libinit$$00000032) for __rt_lib_init_cpp_1
    libinit.o(.ARM.Collect$$libinit$$00000000) refers (Special) to libinit2.o(.ARM.Collect$$libinit$$00000030) for __rt_lib_init_exceptions_1
    libinit.o(.ARM.Collect$$libinit$$00000000) refers (Special) to libinit2.o(.ARM.Collect$$libinit$$00000001) for __rt_lib_init_fp_1
    libinit.o(.ARM.Collect$$libinit$$00000000) refers (Special) to libinit2.o(.ARM.Collect$$libinit$$0000001F) for __rt_lib_init_fp_trap_1
    libinit.o(.ARM.Collect$$libinit$$00000000) refers (Special) to libinit2.o(.ARM.Collect$$libinit$$00000023) for __rt_lib_init_getenv_1
    libinit.o(.ARM.Collect$$libinit$$00000000) refers (Special) to libinit2.o(.ARM.Collect$$libinit$$0000000A) for __rt_lib_init_heap_1
    libinit.o(.ARM.Collect$$libinit$$00000000) refers (Special) to libinit2.o(.ARM.Collect$$libinit$$00000011) for __rt_lib_init_lc_collate_1
    libinit.o(.ARM.Collect$$libinit$$00000000) refers (Special) to libinit2.o(.ARM.Collect$$libinit$$00000013) for __rt_lib_init_lc_ctype_1
    libinit.o(.ARM.Collect$$libinit$$00000000) refers (Special) to libinit2.o(.ARM.Collect$$libinit$$00000015) for __rt_lib_init_lc_monetary_1
    libinit.o(.ARM.Collect$$libinit$$00000000) refers (Special) to libinit2.o(.ARM.Collect$$libinit$$00000017) for __rt_lib_init_lc_numeric_1
    libinit.o(.ARM.Collect$$libinit$$00000000) refers (Special) to libinit2.o(.ARM.Collect$$libinit$$00000019) for __rt_lib_init_lc_time_1
    libinit.o(.ARM.Collect$$libinit$$00000000) refers (Special) to libinit2.o(.ARM.Collect$$libinit$$00000004) for __rt_lib_init_preinit_1
    libinit.o(.ARM.Collect$$libinit$$00000000) refers (Special) to libinit2.o(.ARM.Collect$$libinit$$0000000E) for __rt_lib_init_rand_1
    libinit.o(.ARM.Collect$$libinit$$00000000) refers (Special) to libinit2.o(.ARM.Collect$$libinit$$00000033) for __rt_lib_init_return
    libinit.o(.ARM.Collect$$libinit$$00000000) refers (Special) to libinit2.o(.ARM.Collect$$libinit$$0000001D) for __rt_lib_init_signal_1
    libinit.o(.ARM.Collect$$libinit$$00000000) refers (Special) to libinit2.o(.ARM.Collect$$libinit$$00000025) for __rt_lib_init_stdio_1
    libinit.o(.ARM.Collect$$libinit$$00000000) refers (Special) to libinit2.o(.ARM.Collect$$libinit$$0000000C) for __rt_lib_init_user_alloc_1
    rtexit.o(.ARM.Collect$$rtexit$$00000000) refers (Special) to rtexit2.o(.ARM.Collect$$rtexit$$00000004) for __rt_exit_exit
    rtexit.o(.ARM.Collect$$rtexit$$00000000) refers (Special) to rtexit2.o(.ARM.Collect$$rtexit$$00000003) for __rt_exit_ls
    rtexit.o(.ARM.Collect$$rtexit$$00000000) refers (Special) to rtexit2.o(.ARM.Collect$$rtexit$$00000002) for __rt_exit_prels_1
    rtexit.o(.ARM.exidx) refers (Special) to rtexit2.o(.ARM.Collect$$rtexit$$00000004) for __rt_exit_exit
    rtexit.o(.ARM.exidx) refers (Special) to rtexit2.o(.ARM.Collect$$rtexit$$00000003) for __rt_exit_ls
    rtexit.o(.ARM.exidx) refers (Special) to rtexit2.o(.ARM.Collect$$rtexit$$00000002) for __rt_exit_prels_1
    rtexit.o(.ARM.exidx) refers to rtexit.o(.ARM.Collect$$rtexit$$00000000) for .ARM.Collect$$rtexit$$00000000
    libinit2.o(.ARM.Collect$$libinit$$00000001) refers to fpinit.o(x$fpl$fpinit) for _fp_init
    libinit2.o(.ARM.Collect$$libinit$$00000010) refers to libinit2.o(.ARM.Collect$$libinit$$0000000F) for .ARM.Collect$$libinit$$0000000F
    libinit2.o(.ARM.Collect$$libinit$$00000012) refers to libinit2.o(.ARM.Collect$$libinit$$0000000F) for .ARM.Collect$$libinit$$0000000F
    libinit2.o(.ARM.Collect$$libinit$$00000014) refers to libinit2.o(.ARM.Collect$$libinit$$0000000F) for .ARM.Collect$$libinit$$0000000F
    libinit2.o(.ARM.Collect$$libinit$$00000016) refers to libinit2.o(.ARM.Collect$$libinit$$0000000F) for .ARM.Collect$$libinit$$0000000F
    libinit2.o(.ARM.Collect$$libinit$$00000018) refers to libinit2.o(.ARM.Collect$$libinit$$0000000F) for .ARM.Collect$$libinit$$0000000F
    libinit2.o(.ARM.Collect$$libinit$$00000026) refers to argv_veneer.o(.emb_text) for __ARM_argv_veneer
    libinit2.o(.ARM.Collect$$libinit$$00000027) refers to argv_veneer.o(.emb_text) for __ARM_argv_veneer
    rtexit2.o(.ARM.Collect$$rtexit$$00000003) refers to libshutdown.o(.ARM.Collect$$libshutdown$$00000000) for __rt_lib_shutdown
    rtexit2.o(.ARM.Collect$$rtexit$$00000004) refers to sys_exit.o(.text) for _sys_exit
    rtexit2.o(.ARM.exidx) refers to rtexit2.o(.ARM.Collect$$rtexit$$00000001) for .ARM.Collect$$rtexit$$00000001
    rtexit2.o(.ARM.exidx) refers to rtexit2.o(.ARM.Collect$$rtexit$$00000003) for .ARM.Collect$$rtexit$$00000003
    rtexit2.o(.ARM.exidx) refers to rtexit2.o(.ARM.Collect$$rtexit$$00000004) for .ARM.Collect$$rtexit$$00000004
    argv_veneer.o(.emb_text) refers to no_argv.o(.text) for __ARM_get_argv
    sys_exit.o(.text) refers (Special) to use_no_semi.o(.text) for __I$use$semihosting
    sys_exit.o(.text) refers (Special) to indicate_semi.o(.text) for __semihosting_library_function
    sys_exit_hlt.o(.text) refers (Special) to use_no_semi.o(.text) for __I$use$semihosting
    sys_exit_hlt.o(.text) refers (Special) to indicate_semi.o(.text) for __semihosting_library_function
    _get_argv_nomalloc.o(.text) refers (Special) to hrguard.o(.text) for __heap_region$guard
    _get_argv_nomalloc.o(.text) refers to defsig_rtmem_outer.o(.text) for __rt_SIGRTMEM
    _get_argv_nomalloc.o(.text) refers to sys_command.o(.text) for _sys_command_string
    libshutdown.o(.ARM.Collect$$libshutdown$$00000000) refers (Special) to libshutdown2.o(.ARM.Collect$$libshutdown$$00000002) for __rt_lib_shutdown_cpp_1
    libshutdown.o(.ARM.Collect$$libshutdown$$00000000) refers (Special) to libshutdown2.o(.ARM.Collect$$libshutdown$$00000007) for __rt_lib_shutdown_fp_trap_1
    libshutdown.o(.ARM.Collect$$libshutdown$$00000000) refers (Special) to libshutdown2.o(.ARM.Collect$$libshutdown$$0000000F) for __rt_lib_shutdown_heap_1
    libshutdown.o(.ARM.Collect$$libshutdown$$00000000) refers (Special) to libshutdown2.o(.ARM.Collect$$libshutdown$$00000010) for __rt_lib_shutdown_return
    libshutdown.o(.ARM.Collect$$libshutdown$$00000000) refers (Special) to libshutdown2.o(.ARM.Collect$$libshutdown$$0000000A) for __rt_lib_shutdown_signal_1
    libshutdown.o(.ARM.Collect$$libshutdown$$00000000) refers (Special) to libshutdown2.o(.ARM.Collect$$libshutdown$$00000004) for __rt_lib_shutdown_stdio_1
    libshutdown.o(.ARM.Collect$$libshutdown$$00000000) refers (Special) to libshutdown2.o(.ARM.Collect$$libshutdown$$0000000C) for __rt_lib_shutdown_user_alloc_1
    sys_command.o(.text) refers (Special) to use_no_semi.o(.text) for __I$use$semihosting
    sys_command.o(.text) refers (Special) to indicate_semi.o(.text) for __semihosting_library_function
    sys_command_hlt.o(.text) refers (Special) to use_no_semi.o(.text) for __I$use$semihosting
    sys_command_hlt.o(.text) refers (Special) to indicate_semi.o(.text) for __semihosting_library_function
    defsig_rtmem_outer.o(.text) refers to defsig_rtmem_inner.o(.text) for __rt_SIGRTMEM_inner
    defsig_rtmem_outer.o(.text) refers to defsig_exit.o(.text) for __sig_exit
    defsig_rtmem_formal.o(.text) refers to rt_raise.o(.text) for __rt_raise
    rt_raise.o(.text) refers to __raise.o(.text) for __raise
    rt_raise.o(.text) refers to sys_exit.o(.text) for _sys_exit
    defsig_exit.o(.text) refers to sys_exit.o(.text) for _sys_exit
    defsig_rtmem_inner.o(.text) refers to defsig_general.o(.text) for __default_signal_display
    __raise.o(.text) refers to defsig.o(CL$$defsig) for __default_signal_handler
    defsig_general.o(.text) refers to sys_wrch.o(.text) for _ttywrch
    sys_wrch.o(.text) refers (Special) to use_no_semi.o(.text) for __I$use$semihosting
    sys_wrch.o(.text) refers (Special) to indicate_semi.o(.text) for __semihosting_library_function
    sys_wrch_hlt.o(.text) refers (Special) to use_no_semi.o(.text) for __I$use$semihosting
    sys_wrch_hlt.o(.text) refers (Special) to indicate_semi.o(.text) for __semihosting_library_function
    defsig.o(CL$$defsig) refers to defsig_rtmem_inner.o(.text) for __rt_SIGRTMEM_inner
    defsig_abrt_inner.o(.text) refers to defsig_general.o(.text) for __default_signal_display
    defsig_fpe_inner.o(.text) refers to defsig_general.o(.text) for __default_signal_display
    defsig_rtred_inner.o(.text) refers to defsig_general.o(.text) for __default_signal_display
    defsig_stak_inner.o(.text) refers to defsig_general.o(.text) for __default_signal_display
    defsig_pvfn_inner.o(.text) refers to defsig_general.o(.text) for __default_signal_display
    defsig_cppl_inner.o(.text) refers to defsig_general.o(.text) for __default_signal_display
    defsig_segv_inner.o(.text) refers to defsig_general.o(.text) for __default_signal_display
    defsig_other.o(.text) refers to defsig_general.o(.text) for __default_signal_display


==============================================================================

Removing Unused input sections from the image.

    Removing ibus.o(.text), (0 bytes).
    Removing ibus.o(.ARM.exidx.text.USART1_IRQHandler), (8 bytes).
    Removing led_config.o(.text), (0 bytes).
    Removing led_config.o(.ARM.exidx.text.ledSetup), (8 bytes).
    Removing mahonyahrs.o(.text), (0 bytes).
    Removing mahonyahrs.o(.text.MadgwickAHRSupdate), (1832 bytes).
    Removing mahonyahrs.o(.ARM.exidx.text.MadgwickAHRSupdate), (8 bytes).
    Removing mahonyahrs.o(.ARM.exidx.text.MadgwickAHRSupdateIMU), (8 bytes).
    Removing mahonyahrs.o(.ARM.exidx.text.invSqrt), (8 bytes).
    Removing mahonyahrs.o(.bss.yawAHRS), (4 bytes).
    Removing main.o(.text), (0 bytes).
    Removing main.o(.ARM.exidx.text.main), (8 bytes).
    Removing main.o(.ARM.use_no_argv), (4 bytes).
    Removing mixer.o(.text), (0 bytes).
    Removing mixer.o(.ARM.exidx.text.outputMotors), (8 bytes).
    Removing mpu6000.o(.text), (0 bytes).
    Removing mpu6000.o(.ARM.exidx.text.isPresentMPU6000), (8 bytes).
    Removing mpu6000.o(.ARM.exidx.text.initMPU6000), (8 bytes).
    Removing mpu6000.o(.ARM.exidx.text.readMPU6000), (8 bytes).
    Removing mpu6000.o(.ARM.exidx.text.calibrateMPU6000), (8 bytes).
    Removing mpu6000.o(.bss.gyro_pitch), (2 bytes).
    Removing mpu6000.o(.bss.gyro_roll), (2 bytes).
    Removing mpu6000.o(.bss.gyro_yaw), (2 bytes).
    Removing mpu6000.o(.bss.acc_pitch), (2 bytes).
    Removing mpu6000.o(.bss.acc_roll), (2 bytes).
    Removing mpu6000.o(.bss.acc_yaw), (2 bytes).
    Removing pid.o(.text), (0 bytes).
    Removing pid.o(.ARM.exidx.text.pidCalculate), (8 bytes).
    Removing pid.o(.ARM.exidx.text.armProcedure), (8 bytes).
    Removing rcc_config.o(.text), (0 bytes).
    Removing rcc_config.o(.ARM.exidx.text.systickConfig), (8 bytes).
    Removing rcc_config.o(.ARM.exidx.text.SysTick_Config), (8 bytes).
    Removing rcc_config.o(.ARM.exidx.text.__NVIC_SetPriorityGrouping), (8 bytes).
    Removing rcc_config.o(.ARM.exidx.text.__NVIC_SetPriority), (8 bytes).
    Removing rcc_config.o(.ARM.exidx.text.micros), (8 bytes).
    Removing rcc_config.o(.ARM.exidx.text.millis), (8 bytes).
    Removing rcc_config.o(.ARM.exidx.text.delayMilliseconds), (8 bytes).
    Removing rcc_config.o(.text.delayMicroseconds), (24 bytes).
    Removing rcc_config.o(.ARM.exidx.text.delayMicroseconds), (8 bytes).
    Removing rcc_config.o(.ARM.exidx.text.SysTick_Handler), (8 bytes).
    Removing rcc_config.o(.ARM.exidx.text.clockConfig), (8 bytes).
    Removing spi.o(.text), (0 bytes).
    Removing spi.o(.ARM.exidx.text.SPI1GPIOInit), (8 bytes).
    Removing spi.o(.ARM.exidx.text.SPI1Init), (8 bytes).
    Removing spi.o(.ARM.exidx.text.SPIEnable), (8 bytes).
    Removing spi.o(.text.SPIDisable), (10 bytes).
    Removing spi.o(.ARM.exidx.text.SPIDisable), (8 bytes).
    Removing spi.o(.ARM.exidx.text.SPITransfer), (8 bytes).
    Removing spi.o(.text.SetSPIClockTo), (156 bytes).
    Removing spi.o(.ARM.exidx.text.SetSPIClockTo), (8 bytes).
    Removing task.o(.text), (0 bytes).
    Removing task.o(.ARM.exidx.text.sysSetup), (8 bytes).
    Removing task.o(.ARM.exidx.text.sensorCheck), (8 bytes).
    Removing task.o(.ARM.exidx.text.sensorInit), (8 bytes).
    Removing task.o(.ARM.exidx.text.sensorCalibrate), (8 bytes).
    Removing task.o(.text.throttleCheck), (130 bytes).
    Removing task.o(.ARM.exidx.text.throttleCheck), (8 bytes).
    Removing task.o(.ARM.exidx.text.armESC), (8 bytes).
    Removing task.o(.ARM.exidx.text.flightProcedure), (8 bytes).
    Removing timer.o(.text), (0 bytes).
    Removing timer.o(.ARM.exidx.text.DshotInit), (8 bytes).
    Removing timer.o(.ARM.exidx.text.__NVIC_SetPriority), (8 bytes).
    Removing timer.o(.ARM.exidx.text.__NVIC_EnableIRQ), (8 bytes).
    Removing timer.o(.ARM.exidx.text.prepareDshotPacket), (8 bytes).
    Removing timer.o(.ARM.exidx.text.DshotIssueCommand), (8 bytes).
    Removing timer.o(.ARM.exidx.text.convertPWMtoDshot), (8 bytes).
    Removing timer.o(.ARM.exidx.text.DMA1_Stream4_IRQHandler), (8 bytes).
    Removing timer.o(.ARM.exidx.text.DMA1_Stream5_IRQHandler), (8 bytes).
    Removing timer.o(.ARM.exidx.text.DMA1_Stream0_IRQHandler), (8 bytes).
    Removing timer.o(.ARM.exidx.text.DMA1_Stream3_IRQHandler), (8 bytes).
    Removing usart.o(.text), (0 bytes).
    Removing usart.o(.ARM.exidx.text.USART1Init), (8 bytes).
    Removing usart.o(.ARM.exidx.text.__NVIC_SetPriority), (8 bytes).
    Removing usart.o(.ARM.exidx.text.__NVIC_EnableIRQ), (8 bytes).
    Removing usart.o(.text.USART2Init), (114 bytes).
    Removing usart.o(.ARM.exidx.text.USART2Init), (8 bytes).
    Removing usart.o(.ARM.exidx.text.printMsg), (8 bytes).
    Removing complementary_filter.o(.text), (0 bytes).
    Removing complementary_filter.o(.text.getAccAngles), (228 bytes).
    Removing complementary_filter.o(.ARM.exidx.text.getAccAngles), (8 bytes).
    Removing complementary_filter.o(.ARM.exidx.text.getGyroRates), (8 bytes).
    Removing complementary_filter.o(.text.complementaryCalculate), (312 bytes).
    Removing complementary_filter.o(.ARM.exidx.text.complementaryCalculate), (8 bytes).
    Removing complementary_filter.o(.bss.gyro_pitch_rate), (4 bytes).
    Removing complementary_filter.o(.bss.gyro_roll_rate), (4 bytes).
    Removing complementary_filter.o(.bss.gyro_yaw_rate), (4 bytes).
    Removing system_stm32f4xx.o(.text), (0 bytes).
    Removing system_stm32f4xx.o(.ARM.exidx.text.SystemInit), (8 bytes).
    Removing system_stm32f4xx.o(.text.SystemCoreClockUpdate), (126 bytes).
    Removing system_stm32f4xx.o(.ARM.exidx.text.SystemCoreClockUpdate), (8 bytes).
    Removing system_stm32f4xx.o(.rodata.AHBPrescTable), (16 bytes).
    Removing system_stm32f4xx.o(.rodata.APBPrescTable), (8 bytes).

92 unused section(s) (total 3436 bytes) removed from the image.

==============================================================================

Image Symbol Table

    Local Symbols

    Symbol Name                              Value     Ov Type        Size  Object(Section)

    ../clib/angel/boardlib.s                 0x00000000   Number         0  boardinit1.o ABSOLUTE
    ../clib/angel/boardlib.s                 0x00000000   Number         0  boardinit2.o ABSOLUTE
    ../clib/angel/boardlib.s                 0x00000000   Number         0  boardinit3.o ABSOLUTE
    ../clib/angel/boardlib.s                 0x00000000   Number         0  boardshut.o ABSOLUTE
    ../clib/angel/handlers.s                 0x00000000   Number         0  __scatter_copy.o ABSOLUTE
    ../clib/angel/handlers.s                 0x00000000   Number         0  __scatter_zi.o ABSOLUTE
    ../clib/angel/kernel.s                   0x00000000   Number         0  __rtentry.o ABSOLUTE
    ../clib/angel/kernel.s                   0x00000000   Number         0  __rtentry2.o ABSOLUTE
    ../clib/angel/kernel.s                   0x00000000   Number         0  __rtentry4.o ABSOLUTE
    ../clib/angel/kernel.s                   0x00000000   Number         0  rtexit.o ABSOLUTE
    ../clib/angel/kernel.s                   0x00000000   Number         0  rtexit2.o ABSOLUTE
    ../clib/angel/rt.s                       0x00000000   Number         0  rt_errno_addr.o ABSOLUTE
    ../clib/angel/rt.s                       0x00000000   Number         0  rt_errno_addr_intlibspace.o ABSOLUTE
    ../clib/angel/rt.s                       0x00000000   Number         0  rt_raise.o ABSOLUTE
    ../clib/angel/scatter.s                  0x00000000   Number         0  __scatter.o ABSOLUTE
    ../clib/angel/startup.s                  0x00000000   Number         0  __main.o ABSOLUTE
    ../clib/angel/sys.s                      0x00000000   Number         0  libspace.o ABSOLUTE
    ../clib/angel/sys.s                      0x00000000   Number         0  sys_stackheap_outer.o ABSOLUTE
    ../clib/angel/sys.s                      0x00000000   Number         0  use_no_semi.o ABSOLUTE
    ../clib/angel/sys.s                      0x00000000   Number         0  indicate_semi.o ABSOLUTE
    ../clib/angel/sysapp.c                   0x00000000   Number         0  sys_exit.o ABSOLUTE
    ../clib/angel/sysapp.c                   0x00000000   Number         0  sys_exit_hlt.o ABSOLUTE
    ../clib/angel/sysapp.c                   0x00000000   Number         0  sys_command.o ABSOLUTE
    ../clib/angel/sysapp.c                   0x00000000   Number         0  sys_command_hlt.o ABSOLUTE
    ../clib/angel/sysapp.c                   0x00000000   Number         0  sys_wrch.o ABSOLUTE
    ../clib/angel/sysapp.c                   0x00000000   Number         0  sys_wrch_hlt.o ABSOLUTE
    ../clib/armsys.c                         0x00000000   Number         0  argv_veneer.o ABSOLUTE
    ../clib/armsys.c                         0x00000000   Number         0  argv_veneer.o ABSOLUTE
    ../clib/armsys.c                         0x00000000   Number         0  _get_argv_nomalloc.o ABSOLUTE
    ../clib/armsys.c                         0x00000000   Number         0  no_argv.o ABSOLUTE
    ../clib/fenv.c                           0x00000000   Number         0  _rserrno.o ABSOLUTE
    ../clib/heapalloc.c                      0x00000000   Number         0  hrguard.o ABSOLUTE
    ../clib/heapaux.c                        0x00000000   Number         0  heapauxi.o ABSOLUTE
    ../clib/libinit.s                        0x00000000   Number         0  libinit.o ABSOLUTE
    ../clib/libinit.s                        0x00000000   Number         0  libinit2.o ABSOLUTE
    ../clib/libinit.s                        0x00000000   Number         0  libshutdown.o ABSOLUTE
    ../clib/libinit.s                        0x00000000   Number         0  libshutdown2.o ABSOLUTE
    ../clib/signal.c                         0x00000000   Number         0  defsig_rtmem_outer.o ABSOLUTE
    ../clib/signal.c                         0x00000000   Number         0  defsig_rtmem_formal.o ABSOLUTE
    ../clib/signal.c                         0x00000000   Number         0  defsig_exit.o ABSOLUTE
    ../clib/signal.c                         0x00000000   Number         0  defsig_rtmem_inner.o ABSOLUTE
    ../clib/signal.c                         0x00000000   Number         0  __raise.o ABSOLUTE
    ../clib/signal.c                         0x00000000   Number         0  defsig_general.o ABSOLUTE
    ../clib/signal.c                         0x00000000   Number         0  defsig_abrt_inner.o ABSOLUTE
    ../clib/signal.c                         0x00000000   Number         0  defsig_fpe_inner.o ABSOLUTE
    ../clib/signal.c                         0x00000000   Number         0  defsig_rtred_inner.o ABSOLUTE
    ../clib/signal.c                         0x00000000   Number         0  defsig_stak_inner.o ABSOLUTE
    ../clib/signal.c                         0x00000000   Number         0  defsig_pvfn_inner.o ABSOLUTE
    ../clib/signal.c                         0x00000000   Number         0  defsig_cppl_inner.o ABSOLUTE
    ../clib/signal.c                         0x00000000   Number         0  defsig_segv_inner.o ABSOLUTE
    ../clib/signal.c                         0x00000000   Number         0  defsig_other.o ABSOLUTE
    ../clib/signal.s                         0x00000000   Number         0  defsig.o ABSOLUTE
    ../clib/stdlib.c                         0x00000000   Number         0  exit.o ABSOLUTE
    ../fplib/d2f.s                           0x00000000   Number         0  d2f.o ABSOLUTE
    ../fplib/dflt.s                          0x00000000   Number         0  dflt_clz.o ABSOLUTE
    ../fplib/dnaninf.s                       0x00000000   Number         0  dnaninf.o ABSOLUTE
    ../fplib/dsqrt.s                         0x00000000   Number         0  dsqrt_umaal.o ABSOLUTE
    ../fplib/fpinit.s                        0x00000000   Number         0  fpinit.o ABSOLUTE
    ../fplib/fretinf.s                       0x00000000   Number         0  fretinf.o ABSOLUTE
    ../fplib/usenofp.s                       0x00000000   Number         0  usenofp.o ABSOLUTE
    ../mathlib/asinf.c                       0x00000000   Number         0  asinf.o ABSOLUTE
    ../mathlib/atan2f.c                      0x00000000   Number         0  atan2f.o ABSOLUTE
    ../mathlib/fpclassifyf.c                 0x00000000   Number         0  fpclassifyf.o ABSOLUTE
    ../mathlib/funder.c                      0x00000000   Number         0  funder.o ABSOLUTE
    ../mathlib/rredf.c                       0x00000000   Number         0  rredf.o ABSOLUTE
    ../mathlib/sinf.c                        0x00000000   Number         0  sinf.o ABSOLUTE
    ../mathlib/sqrt.c                        0x00000000   Number         0  sqrt.o ABSOLUTE
    ../mathlib/sqrtf.c                       0x00000000   Number         0  sqrtf.o ABSOLUTE
    LED_Config.c                             0x00000000   Number         0  led_config.o ABSOLUTE
    MahonyAHRS.c                             0x00000000   Number         0  mahonyahrs.o ABSOLUTE
    RCC_Config.c                             0x00000000   Number         0  rcc_config.o ABSOLUTE
    RTE/Device/STM32F411CCUx/startup_stm32f411xe.s 0x00000000   Number         0  startup_stm32f411xe.o ABSOLUTE
    SPI.c                                    0x00000000   Number         0  spi.o ABSOLUTE
    complementary_filter.c                   0x00000000   Number         0  complementary_filter.o ABSOLUTE
    dc.s                                     0x00000000   Number         0  dc.o ABSOLUTE
    ibus.c                                   0x00000000   Number         0  ibus.o ABSOLUTE
    main.c                                   0x00000000   Number         0  main.o ABSOLUTE
    mixer.c                                  0x00000000   Number         0  mixer.o ABSOLUTE
    mpu6000.c                                0x00000000   Number         0  mpu6000.o ABSOLUTE
    pid.c                                    0x00000000   Number         0  pid.o ABSOLUTE
    system_stm32f4xx.c                       0x00000000   Number         0  system_stm32f4xx.o ABSOLUTE
    task.c                                   0x00000000   Number         0  task.o ABSOLUTE
    timer.c                                  0x00000000   Number         0  timer.o ABSOLUTE
    usart.c                                  0x00000000   Number         0  usart.o ABSOLUTE
    RESET                                    0x08000000   Section      408  startup_stm32f411xe.o(RESET)
    !!!main                                  0x08000198   Section        8  __main.o(!!!main)
    !!!scatter                               0x080001a0   Section       52  __scatter.o(!!!scatter)
    !!handler_copy                           0x080001d4   Section       26  __scatter_copy.o(!!handler_copy)
    !!handler_zi                             0x080001f0   Section       28  __scatter_zi.o(!!handler_zi)
    .ARM.Collect$$libinit$$00000000          0x0800020c   Section        2  libinit.o(.ARM.Collect$$libinit$$00000000)
    .ARM.Collect$$libinit$$00000001          0x0800020e   Section        4  libinit2.o(.ARM.Collect$$libinit$$00000001)
    .ARM.Collect$$libinit$$00000004          0x08000212   Section        0  libinit2.o(.ARM.Collect$$libinit$$00000004)
    .ARM.Collect$$libinit$$0000000A          0x08000212   Section        0  libinit2.o(.ARM.Collect$$libinit$$0000000A)
    .ARM.Collect$$libinit$$0000000C          0x08000212   Section        0  libinit2.o(.ARM.Collect$$libinit$$0000000C)
    .ARM.Collect$$libinit$$0000000E          0x08000212   Section        0  libinit2.o(.ARM.Collect$$libinit$$0000000E)
    .ARM.Collect$$libinit$$00000011          0x08000212   Section        0  libinit2.o(.ARM.Collect$$libinit$$00000011)
    .ARM.Collect$$libinit$$00000013          0x08000212   Section        0  libinit2.o(.ARM.Collect$$libinit$$00000013)
    .ARM.Collect$$libinit$$00000015          0x08000212   Section        0  libinit2.o(.ARM.Collect$$libinit$$00000015)
    .ARM.Collect$$libinit$$00000017          0x08000212   Section        0  libinit2.o(.ARM.Collect$$libinit$$00000017)
    .ARM.Collect$$libinit$$00000019          0x08000212   Section        0  libinit2.o(.ARM.Collect$$libinit$$00000019)
    .ARM.Collect$$libinit$$0000001B          0x08000212   Section        0  libinit2.o(.ARM.Collect$$libinit$$0000001B)
    .ARM.Collect$$libinit$$0000001D          0x08000212   Section        0  libinit2.o(.ARM.Collect$$libinit$$0000001D)
    .ARM.Collect$$libinit$$0000001F          0x08000212   Section        0  libinit2.o(.ARM.Collect$$libinit$$0000001F)
    .ARM.Collect$$libinit$$00000021          0x08000212   Section        0  libinit2.o(.ARM.Collect$$libinit$$00000021)
    .ARM.Collect$$libinit$$00000023          0x08000212   Section        0  libinit2.o(.ARM.Collect$$libinit$$00000023)
    .ARM.Collect$$libinit$$00000025          0x08000212   Section        0  libinit2.o(.ARM.Collect$$libinit$$00000025)
    .ARM.Collect$$libinit$$0000002C          0x08000212   Section        0  libinit2.o(.ARM.Collect$$libinit$$0000002C)
    .ARM.Collect$$libinit$$0000002E          0x08000212   Section        0  libinit2.o(.ARM.Collect$$libinit$$0000002E)
    .ARM.Collect$$libinit$$00000030          0x08000212   Section        0  libinit2.o(.ARM.Collect$$libinit$$00000030)
    .ARM.Collect$$libinit$$00000032          0x08000212   Section        0  libinit2.o(.ARM.Collect$$libinit$$00000032)
    .ARM.Collect$$libinit$$00000033          0x08000212   Section        2  libinit2.o(.ARM.Collect$$libinit$$00000033)
    .ARM.Collect$$libshutdown$$00000000      0x08000214   Section        2  libshutdown.o(.ARM.Collect$$libshutdown$$00000000)
    .ARM.Collect$$libshutdown$$00000002      0x08000216   Section        0  libshutdown2.o(.ARM.Collect$$libshutdown$$00000002)
    .ARM.Collect$$libshutdown$$00000004      0x08000216   Section        0  libshutdown2.o(.ARM.Collect$$libshutdown$$00000004)
    .ARM.Collect$$libshutdown$$00000007      0x08000216   Section        0  libshutdown2.o(.ARM.Collect$$libshutdown$$00000007)
    .ARM.Collect$$libshutdown$$0000000A      0x08000216   Section        0  libshutdown2.o(.ARM.Collect$$libshutdown$$0000000A)
    .ARM.Collect$$libshutdown$$0000000C      0x08000216   Section        0  libshutdown2.o(.ARM.Collect$$libshutdown$$0000000C)
    .ARM.Collect$$libshutdown$$0000000F      0x08000216   Section        0  libshutdown2.o(.ARM.Collect$$libshutdown$$0000000F)
    .ARM.Collect$$libshutdown$$00000010      0x08000216   Section        2  libshutdown2.o(.ARM.Collect$$libshutdown$$00000010)
    .ARM.Collect$$rtentry$$00000000          0x08000218   Section        0  __rtentry.o(.ARM.Collect$$rtentry$$00000000)
    .ARM.Collect$$rtentry$$00000002          0x08000218   Section        0  __rtentry2.o(.ARM.Collect$$rtentry$$00000002)
    .ARM.Collect$$rtentry$$00000004          0x08000218   Section        6  __rtentry4.o(.ARM.Collect$$rtentry$$00000004)
    .ARM.Collect$$rtentry$$00000009          0x0800021e   Section        0  __rtentry2.o(.ARM.Collect$$rtentry$$00000009)
    .ARM.Collect$$rtentry$$0000000A          0x0800021e   Section        4  __rtentry2.o(.ARM.Collect$$rtentry$$0000000A)
    .ARM.Collect$$rtentry$$0000000C          0x08000222   Section        0  __rtentry2.o(.ARM.Collect$$rtentry$$0000000C)
    .ARM.Collect$$rtentry$$0000000D          0x08000222   Section        8  __rtentry2.o(.ARM.Collect$$rtentry$$0000000D)
    .ARM.Collect$$rtexit$$00000000           0x0800022a   Section        2  rtexit.o(.ARM.Collect$$rtexit$$00000000)
    .ARM.Collect$$rtexit$$00000002           0x0800022c   Section        0  rtexit2.o(.ARM.Collect$$rtexit$$00000002)
    .ARM.Collect$$rtexit$$00000003           0x0800022c   Section        4  rtexit2.o(.ARM.Collect$$rtexit$$00000003)
    .ARM.Collect$$rtexit$$00000004           0x08000230   Section        6  rtexit2.o(.ARM.Collect$$rtexit$$00000004)
    $v0                                      0x08000238   Number         0  startup_stm32f411xe.o(.text)
    .text                                    0x08000238   Section       64  startup_stm32f411xe.o(.text)
    .text                                    0x08000278   Section        0  heapauxi.o(.text)
    .text                                    0x0800027e   Section        0  _rserrno.o(.text)
    .text                                    0x08000294   Section        8  rt_errno_addr_intlibspace.o(.text)
    .text                                    0x0800029c   Section        8  libspace.o(.text)
    .text                                    0x080002a4   Section       74  sys_stackheap_outer.o(.text)
    .text                                    0x080002ee   Section        0  exit.o(.text)
    .text                                    0x08000300   Section        0  sys_exit.o(.text)
    .text                                    0x0800030c   Section        2  use_no_semi.o(.text)
    .text                                    0x0800030e   Section        0  indicate_semi.o(.text)
    [Anonymous Symbol]                       0x08000310   Section        0  timer.o(.text.DMA1_Stream0_IRQHandler)
    [Anonymous Symbol]                       0x08000344   Section        0  timer.o(.text.DMA1_Stream3_IRQHandler)
    [Anonymous Symbol]                       0x08000378   Section        0  timer.o(.text.DMA1_Stream4_IRQHandler)
    [Anonymous Symbol]                       0x080003ac   Section        0  timer.o(.text.DMA1_Stream5_IRQHandler)
    [Anonymous Symbol]                       0x080003e0   Section        0  timer.o(.text.DshotInit)
    [Anonymous Symbol]                       0x080005b4   Section        0  timer.o(.text.DshotIssueCommand)
    [Anonymous Symbol]                       0x080006e4   Section        0  mahonyahrs.o(.text.MadgwickAHRSupdateIMU)
    [Anonymous Symbol]                       0x08000b1c   Section        0  spi.o(.text.SPI1GPIOInit)
    [Anonymous Symbol]                       0x08000b60   Section        0  spi.o(.text.SPI1Init)
    [Anonymous Symbol]                       0x08000bcc   Section        0  spi.o(.text.SPIEnable)
    [Anonymous Symbol]                       0x08000bd8   Section        0  spi.o(.text.SPITransfer)
    SysTick_Config                           0x08000c11   Thumb Code    36  rcc_config.o(.text.SysTick_Config)
    [Anonymous Symbol]                       0x08000c10   Section        0  rcc_config.o(.text.SysTick_Config)
    [Anonymous Symbol]                       0x08000c34   Section        0  rcc_config.o(.text.SysTick_Handler)
    [Anonymous Symbol]                       0x08000c44   Section        0  system_stm32f4xx.o(.text.SystemInit)
    [Anonymous Symbol]                       0x08000c60   Section        0  usart.o(.text.USART1Init)
    [Anonymous Symbol]                       0x08000cd8   Section        0  ibus.o(.text.USART1_IRQHandler)
    __NVIC_EnableIRQ                         0x08000d8d   Thumb Code    22  timer.o(.text.__NVIC_EnableIRQ)
    [Anonymous Symbol]                       0x08000d8c   Section        0  timer.o(.text.__NVIC_EnableIRQ)
    __NVIC_EnableIRQ                         0x08000da5   Thumb Code    14  usart.o(.text.__NVIC_EnableIRQ)
    [Anonymous Symbol]                       0x08000da4   Section        0  usart.o(.text.__NVIC_EnableIRQ)
    __NVIC_SetPriority                       0x08000db5   Thumb Code    14  rcc_config.o(.text.__NVIC_SetPriority)
    [Anonymous Symbol]                       0x08000db4   Section        0  rcc_config.o(.text.__NVIC_SetPriority)
    __NVIC_SetPriority                       0x08000dc5   Thumb Code    16  timer.o(.text.__NVIC_SetPriority)
    [Anonymous Symbol]                       0x08000dc4   Section        0  timer.o(.text.__NVIC_SetPriority)
    __NVIC_SetPriority                       0x08000dd5   Thumb Code    14  usart.o(.text.__NVIC_SetPriority)
    [Anonymous Symbol]                       0x08000dd4   Section        0  usart.o(.text.__NVIC_SetPriority)
    __NVIC_SetPriorityGrouping               0x08000de5   Thumb Code    28  rcc_config.o(.text.__NVIC_SetPriorityGrouping)
    [Anonymous Symbol]                       0x08000de4   Section        0  rcc_config.o(.text.__NVIC_SetPriorityGrouping)
    [Anonymous Symbol]                       0x08000e00   Section        0  task.o(.text.armESC)
    [Anonymous Symbol]                       0x08000e34   Section        0  pid.o(.text.armProcedure)
    [Anonymous Symbol]                       0x08001070   Section        0  mpu6000.o(.text.calibrateMPU6000)
    [Anonymous Symbol]                       0x08001188   Section        0  rcc_config.o(.text.clockConfig)
    [Anonymous Symbol]                       0x08001218   Section        0  timer.o(.text.convertPWMtoDshot)
    [Anonymous Symbol]                       0x08001274   Section        0  rcc_config.o(.text.delayMilliseconds)
    [Anonymous Symbol]                       0x0800128c   Section        0  task.o(.text.flightProcedure)
    [Anonymous Symbol]                       0x0800131c   Section        0  complementary_filter.o(.text.getGyroRates)
    [Anonymous Symbol]                       0x080013d4   Section        0  mpu6000.o(.text.initMPU6000)
    [Anonymous Symbol]                       0x0800153c   Section        0  mahonyahrs.o(.text.invSqrt)
    [Anonymous Symbol]                       0x08001570   Section        0  mpu6000.o(.text.isPresentMPU6000)
    [Anonymous Symbol]                       0x080015ac   Section        0  led_config.o(.text.ledSetup)
    [Anonymous Symbol]                       0x080015e8   Section        0  main.o(.text.main)
    [Anonymous Symbol]                       0x08001618   Section        0  rcc_config.o(.text.micros)
    [Anonymous Symbol]                       0x08001654   Section        0  rcc_config.o(.text.millis)
    [Anonymous Symbol]                       0x08001660   Section        0  mixer.o(.text.outputMotors)
    [Anonymous Symbol]                       0x080017f0   Section        0  pid.o(.text.pidCalculate)
    [Anonymous Symbol]                       0x08001a30   Section        0  timer.o(.text.prepareDshotPacket)
    [Anonymous Symbol]                       0x08001a54   Section        0  usart.o(.text.printMsg)
    [Anonymous Symbol]                       0x08001a58   Section        0  mpu6000.o(.text.readMPU6000)
    [Anonymous Symbol]                       0x08001bb4   Section        0  task.o(.text.sensorCalibrate)
    [Anonymous Symbol]                       0x08001c08   Section        0  task.o(.text.sensorCheck)
    [Anonymous Symbol]                       0x08001c68   Section        0  task.o(.text.sensorInit)
    [Anonymous Symbol]                       0x08001c70   Section        0  task.o(.text.sysSetup)
    [Anonymous Symbol]                       0x08001c88   Section        0  rcc_config.o(.text.systickConfig)
    i.__ARM_fpclassifyf                      0x08001cb8   Section        0  fpclassifyf.o(i.__ARM_fpclassifyf)
    i.__hardfp_asinf                         0x08001ce0   Section        0  asinf.o(i.__hardfp_asinf)
    i.__hardfp_atan2f                        0x08001e0c   Section        0  atan2f.o(i.__hardfp_atan2f)
    i.__mathlib_flt_infnan                   0x080020b8   Section        0  funder.o(i.__mathlib_flt_infnan)
    i.__mathlib_flt_infnan2                  0x080020be   Section        0  funder.o(i.__mathlib_flt_infnan2)
    i.__mathlib_flt_invalid                  0x080020c4   Section        0  funder.o(i.__mathlib_flt_invalid)
    i.__mathlib_flt_underflow                0x080020d4   Section        0  funder.o(i.__mathlib_flt_underflow)
    i.sqrtf                                  0x080020e4   Section        0  sqrtf.o(i.sqrtf)
    $v0                                      0x08002122   Number         0  fpinit.o(x$fpl$fpinit)
    x$fpl$fpinit                             0x08002122   Section       26  fpinit.o(x$fpl$fpinit)
    x$fpl$usenofp                            0x0800213c   Section        0  usenofp.o(x$fpl$usenofp)
    .bss                                     0x20000010   Section       96  libspace.o(.bss)
    Micros                                   0x20000070   Data           4  rcc_config.o(.bss.Micros)
    [Anonymous Symbol]                       0x20000070   Section        0  rcc_config.o(.bss.Micros)
    Millis                                   0x20000074   Data           4  rcc_config.o(.bss.Millis)
    [Anonymous Symbol]                       0x20000074   Section        0  rcc_config.o(.bss.Millis)
    cal_int                                  0x20000090   Data           4  mpu6000.o(.bss.cal_int)
    [Anonymous Symbol]                       0x20000090   Section        0  mpu6000.o(.bss.cal_int)
    dshot_1                                  0x20000094   Data           2  mixer.o(.bss.dshot_1)
    [Anonymous Symbol]                       0x20000094   Section        0  mixer.o(.bss.dshot_1)
    dshot_2                                  0x20000096   Data           2  mixer.o(.bss.dshot_2)
    [Anonymous Symbol]                       0x20000096   Section        0  mixer.o(.bss.dshot_2)
    dshot_3                                  0x20000098   Data           2  mixer.o(.bss.dshot_3)
    [Anonymous Symbol]                       0x20000098   Section        0  mixer.o(.bss.dshot_3)
    esc_1                                    0x2000009a   Data           2  mixer.o(.bss.esc_1)
    [Anonymous Symbol]                       0x2000009a   Section        0  mixer.o(.bss.esc_1)
    esc_2                                    0x2000009c   Data           2  mixer.o(.bss.esc_2)
    [Anonymous Symbol]                       0x2000009c   Section        0  mixer.o(.bss.esc_2)
    esc_3                                    0x2000009e   Data           2  mixer.o(.bss.esc_3)
    [Anonymous Symbol]                       0x2000009e   Section        0  mixer.o(.bss.esc_3)
    esc_4                                    0x200000a0   Data           2  mixer.o(.bss.esc_4)
    [Anonymous Symbol]                       0x200000a0   Section        0  mixer.o(.bss.esc_4)
    gyro_x_cal                               0x200000a4   Data           4  mpu6000.o(.bss.gyro_x_cal)
    [Anonymous Symbol]                       0x200000a4   Section        0  mpu6000.o(.bss.gyro_x_cal)
    gyro_y_cal                               0x200000b0   Data           4  mpu6000.o(.bss.gyro_y_cal)
    [Anonymous Symbol]                       0x200000b0   Section        0  mpu6000.o(.bss.gyro_y_cal)
    gyro_z_cal                               0x200000bc   Data           4  mpu6000.o(.bss.gyro_z_cal)
    [Anonymous Symbol]                       0x200000bc   Section        0  mpu6000.o(.bss.gyro_z_cal)
    ibus                                     0x200000c4   Data          32  ibus.o(.bss.ibus)
    [Anonymous Symbol]                       0x200000c4   Section        0  ibus.o(.bss.ibus)
    ibusIndex                                0x200000e4   Data           1  ibus.o(.bss.ibusIndex)
    [Anonymous Symbol]                       0x200000e4   Section        0  ibus.o(.bss.ibusIndex)
    pid_i_mem_pitch                          0x200000e8   Data           4  pid.o(.bss.pid_i_mem_pitch)
    [Anonymous Symbol]                       0x200000e8   Section        0  pid.o(.bss.pid_i_mem_pitch)
    pid_i_mem_roll                           0x200000ec   Data           4  pid.o(.bss.pid_i_mem_roll)
    [Anonymous Symbol]                       0x200000ec   Section        0  pid.o(.bss.pid_i_mem_roll)
    pid_i_mem_yaw                            0x200000f0   Data           4  pid.o(.bss.pid_i_mem_yaw)
    [Anonymous Symbol]                       0x200000f0   Section        0  pid.o(.bss.pid_i_mem_yaw)
    pid_last_pitch_d_error                   0x200000f4   Data           4  pid.o(.bss.pid_last_pitch_d_error)
    [Anonymous Symbol]                       0x200000f4   Section        0  pid.o(.bss.pid_last_pitch_d_error)
    pid_last_roll_d_error                    0x200000f8   Data           4  pid.o(.bss.pid_last_roll_d_error)
    [Anonymous Symbol]                       0x200000f8   Section        0  pid.o(.bss.pid_last_roll_d_error)
    pid_pitch_setpoint                       0x20000108   Data           4  pid.o(.bss.pid_pitch_setpoint)
    [Anonymous Symbol]                       0x20000108   Section        0  pid.o(.bss.pid_pitch_setpoint)
    pid_roll_setpoint                        0x2000010c   Data           4  pid.o(.bss.pid_roll_setpoint)
    [Anonymous Symbol]                       0x2000010c   Section        0  pid.o(.bss.pid_roll_setpoint)
    pid_yaw_setpoint                         0x20000110   Data           4  pid.o(.bss.pid_yaw_setpoint)
    [Anonymous Symbol]                       0x20000110   Section        0  pid.o(.bss.pid_yaw_setpoint)
    pulseTIM3CH1                             0x20000118   Data          36  timer.o(.bss.pulseTIM3CH1)
    [Anonymous Symbol]                       0x20000118   Section        0  timer.o(.bss.pulseTIM3CH1)
    pulseTIM3CH2                             0x2000013c   Data          36  timer.o(.bss.pulseTIM3CH2)
    [Anonymous Symbol]                       0x2000013c   Section        0  timer.o(.bss.pulseTIM3CH2)
    pulseTIM4CH1                             0x20000160   Data          36  timer.o(.bss.pulseTIM4CH1)
    [Anonymous Symbol]                       0x20000160   Section        0  timer.o(.bss.pulseTIM4CH1)
    pulseTIM4CH2                             0x20000184   Data          36  timer.o(.bss.pulseTIM4CH2)
    [Anonymous Symbol]                       0x20000184   Section        0  timer.o(.bss.pulseTIM4CH2)
    Heap_Mem                                 0x200001d8   Data         512  startup_stm32f411xe.o(HEAP)
    HEAP                                     0x200001d8   Section      512  startup_stm32f411xe.o(HEAP)
    Stack_Mem                                0x200003d8   Data        1024  startup_stm32f411xe.o(STACK)
    STACK                                    0x200003d8   Section     1024  startup_stm32f411xe.o(STACK)
    __initial_sp                             0x200007d8   Data           0  startup_stm32f411xe.o(STACK)

    Global Symbols

    Symbol Name                              Value     Ov Type        Size  Object(Section)

    BuildAttributes$$THM_ISAv4$E$P$D$K$B$S$7EM$VFPi3$EXTD16$VFPS$VFMA$PE$A:L22UL41UL21$X:L11$S22US41US21$IEEE1$IW$~IW$USESV6$~STKCKD$USESV7$~SHL$OTIME$ROPI$IEEEX$EBA8$UX$STANDARDLIB$REQ8$PRES8$EABIv2 0x00000000   Number         0  anon$$obj.o ABSOLUTE
    __ARM_exceptions_init                     - Undefined Weak Reference
    __alloca_initialize                       - Undefined Weak Reference
    __arm_preinit_                            - Undefined Weak Reference
    __cpp_initialize__aeabi_                  - Undefined Weak Reference
    __cxa_finalize                            - Undefined Weak Reference
    __rt_locale                               - Undefined Weak Reference
    __sigvec_lookup                           - Undefined Weak Reference
    _atexit_init                              - Undefined Weak Reference
    _call_atexit_fns                          - Undefined Weak Reference
    _clock_init                               - Undefined Weak Reference
    _fp_trap_init                             - Undefined Weak Reference
    _fp_trap_shutdown                         - Undefined Weak Reference
    _get_lc_collate                           - Undefined Weak Reference
    _get_lc_ctype                             - Undefined Weak Reference
    _get_lc_monetary                          - Undefined Weak Reference
    _get_lc_numeric                           - Undefined Weak Reference
    _get_lc_time                              - Undefined Weak Reference
    _getenv_init                              - Undefined Weak Reference
    _handle_redirection                       - Undefined Weak Reference
    _init_alloc                               - Undefined Weak Reference
    _init_user_alloc                          - Undefined Weak Reference
    _initio                                   - Undefined Weak Reference
    _rand_init                                - Undefined Weak Reference
    _signal_finish                            - Undefined Weak Reference
    _signal_init                              - Undefined Weak Reference
    _terminate_alloc                          - Undefined Weak Reference
    _terminate_user_alloc                     - Undefined Weak Reference
    _terminateio                              - Undefined Weak Reference
    __Vectors_Size                           0x00000198   Number         0  startup_stm32f411xe.o ABSOLUTE
    __Vectors                                0x08000000   Data           4  startup_stm32f411xe.o(RESET)
    __Vectors_End                            0x08000198   Data           0  startup_stm32f411xe.o(RESET)
    __main                                   0x08000199   Thumb Code     8  __main.o(!!!main)
    __scatterload                            0x080001a1   Thumb Code     0  __scatter.o(!!!scatter)
    __scatterload_rt2                        0x080001a1   Thumb Code    44  __scatter.o(!!!scatter)
    __scatterload_rt2_thumb_only             0x080001a1   Thumb Code     0  __scatter.o(!!!scatter)
    __scatterload_null                       0x080001af   Thumb Code     0  __scatter.o(!!!scatter)
    __scatterload_copy                       0x080001d5   Thumb Code    26  __scatter_copy.o(!!handler_copy)
    __scatterload_zeroinit                   0x080001f1   Thumb Code    28  __scatter_zi.o(!!handler_zi)
    __rt_lib_init                            0x0800020d   Thumb Code     0  libinit.o(.ARM.Collect$$libinit$$00000000)
    __rt_lib_init_fp_1                       0x0800020f   Thumb Code     0  libinit2.o(.ARM.Collect$$libinit$$00000001)
    __rt_lib_init_alloca_1                   0x08000213   Thumb Code     0  libinit2.o(.ARM.Collect$$libinit$$0000002E)
    __rt_lib_init_argv_1                     0x08000213   Thumb Code     0  libinit2.o(.ARM.Collect$$libinit$$0000002C)
    __rt_lib_init_atexit_1                   0x08000213   Thumb Code     0  libinit2.o(.ARM.Collect$$libinit$$0000001B)
    __rt_lib_init_clock_1                    0x08000213   Thumb Code     0  libinit2.o(.ARM.Collect$$libinit$$00000021)
    __rt_lib_init_cpp_1                      0x08000213   Thumb Code     0  libinit2.o(.ARM.Collect$$libinit$$00000032)
    __rt_lib_init_exceptions_1               0x08000213   Thumb Code     0  libinit2.o(.ARM.Collect$$libinit$$00000030)
    __rt_lib_init_fp_trap_1                  0x08000213   Thumb Code     0  libinit2.o(.ARM.Collect$$libinit$$0000001F)
    __rt_lib_init_getenv_1                   0x08000213   Thumb Code     0  libinit2.o(.ARM.Collect$$libinit$$00000023)
    __rt_lib_init_heap_1                     0x08000213   Thumb Code     0  libinit2.o(.ARM.Collect$$libinit$$0000000A)
    __rt_lib_init_lc_collate_1               0x08000213   Thumb Code     0  libinit2.o(.ARM.Collect$$libinit$$00000011)
    __rt_lib_init_lc_ctype_1                 0x08000213   Thumb Code     0  libinit2.o(.ARM.Collect$$libinit$$00000013)
    __rt_lib_init_lc_monetary_1              0x08000213   Thumb Code     0  libinit2.o(.ARM.Collect$$libinit$$00000015)
    __rt_lib_init_lc_numeric_1               0x08000213   Thumb Code     0  libinit2.o(.ARM.Collect$$libinit$$00000017)
    __rt_lib_init_lc_time_1                  0x08000213   Thumb Code     0  libinit2.o(.ARM.Collect$$libinit$$00000019)
    __rt_lib_init_preinit_1                  0x08000213   Thumb Code     0  libinit2.o(.ARM.Collect$$libinit$$00000004)
    __rt_lib_init_rand_1                     0x08000213   Thumb Code     0  libinit2.o(.ARM.Collect$$libinit$$0000000E)
    __rt_lib_init_return                     0x08000213   Thumb Code     0  libinit2.o(.ARM.Collect$$libinit$$00000033)
    __rt_lib_init_signal_1                   0x08000213   Thumb Code     0  libinit2.o(.ARM.Collect$$libinit$$0000001D)
    __rt_lib_init_stdio_1                    0x08000213   Thumb Code     0  libinit2.o(.ARM.Collect$$libinit$$00000025)
    __rt_lib_init_user_alloc_1               0x08000213   Thumb Code     0  libinit2.o(.ARM.Collect$$libinit$$0000000C)
    __rt_lib_shutdown                        0x08000215   Thumb Code     0  libshutdown.o(.ARM.Collect$$libshutdown$$00000000)
    __rt_lib_shutdown_cpp_1                  0x08000217   Thumb Code     0  libshutdown2.o(.ARM.Collect$$libshutdown$$00000002)
    __rt_lib_shutdown_fp_trap_1              0x08000217   Thumb Code     0  libshutdown2.o(.ARM.Collect$$libshutdown$$00000007)
    __rt_lib_shutdown_heap_1                 0x08000217   Thumb Code     0  libshutdown2.o(.ARM.Collect$$libshutdown$$0000000F)
    __rt_lib_shutdown_return                 0x08000217   Thumb Code     0  libshutdown2.o(.ARM.Collect$$libshutdown$$00000010)
    __rt_lib_shutdown_signal_1               0x08000217   Thumb Code     0  libshutdown2.o(.ARM.Collect$$libshutdown$$0000000A)
    __rt_lib_shutdown_stdio_1                0x08000217   Thumb Code     0  libshutdown2.o(.ARM.Collect$$libshutdown$$00000004)
    __rt_lib_shutdown_user_alloc_1           0x08000217   Thumb Code     0  libshutdown2.o(.ARM.Collect$$libshutdown$$0000000C)
    __rt_entry                               0x08000219   Thumb Code     0  __rtentry.o(.ARM.Collect$$rtentry$$00000000)
    __rt_entry_presh_1                       0x08000219   Thumb Code     0  __rtentry2.o(.ARM.Collect$$rtentry$$00000002)
    __rt_entry_sh                            0x08000219   Thumb Code     0  __rtentry4.o(.ARM.Collect$$rtentry$$00000004)
    __rt_entry_li                            0x0800021f   Thumb Code     0  __rtentry2.o(.ARM.Collect$$rtentry$$0000000A)
    __rt_entry_postsh_1                      0x0800021f   Thumb Code     0  __rtentry2.o(.ARM.Collect$$rtentry$$00000009)
    __rt_entry_main                          0x08000223   Thumb Code     0  __rtentry2.o(.ARM.Collect$$rtentry$$0000000D)
    __rt_entry_postli_1                      0x08000223   Thumb Code     0  __rtentry2.o(.ARM.Collect$$rtentry$$0000000C)
    __rt_exit                                0x0800022b   Thumb Code     0  rtexit.o(.ARM.Collect$$rtexit$$00000000)
    __rt_exit_ls                             0x0800022d   Thumb Code     0  rtexit2.o(.ARM.Collect$$rtexit$$00000003)
    __rt_exit_prels_1                        0x0800022d   Thumb Code     0  rtexit2.o(.ARM.Collect$$rtexit$$00000002)
    __rt_exit_exit                           0x08000231   Thumb Code     0  rtexit2.o(.ARM.Collect$$rtexit$$00000004)
    Reset_Handler                            0x08000239   Thumb Code     8  startup_stm32f411xe.o(.text)
    NMI_Handler                              0x08000241   Thumb Code     2  startup_stm32f411xe.o(.text)
    HardFault_Handler                        0x08000243   Thumb Code     2  startup_stm32f411xe.o(.text)
    MemManage_Handler                        0x08000245   Thumb Code     2  startup_stm32f411xe.o(.text)
    BusFault_Handler                         0x08000247   Thumb Code     2  startup_stm32f411xe.o(.text)
    UsageFault_Handler                       0x08000249   Thumb Code     2  startup_stm32f411xe.o(.text)
    SVC_Handler                              0x0800024b   Thumb Code     2  startup_stm32f411xe.o(.text)
    DebugMon_Handler                         0x0800024d   Thumb Code     2  startup_stm32f411xe.o(.text)
    PendSV_Handler                           0x0800024f   Thumb Code     2  startup_stm32f411xe.o(.text)
    ADC_IRQHandler                           0x08000253   Thumb Code     0  startup_stm32f411xe.o(.text)
    DMA1_Stream1_IRQHandler                  0x08000253   Thumb Code     0  startup_stm32f411xe.o(.text)
    DMA1_Stream2_IRQHandler                  0x08000253   Thumb Code     0  startup_stm32f411xe.o(.text)
    DMA1_Stream6_IRQHandler                  0x08000253   Thumb Code     0  startup_stm32f411xe.o(.text)
    DMA1_Stream7_IRQHandler                  0x08000253   Thumb Code     0  startup_stm32f411xe.o(.text)
    DMA2_Stream0_IRQHandler                  0x08000253   Thumb Code     0  startup_stm32f411xe.o(.text)
    DMA2_Stream1_IRQHandler                  0x08000253   Thumb Code     0  startup_stm32f411xe.o(.text)
    DMA2_Stream2_IRQHandler                  0x08000253   Thumb Code     0  startup_stm32f411xe.o(.text)
    DMA2_Stream3_IRQHandler                  0x08000253   Thumb Code     0  startup_stm32f411xe.o(.text)
    DMA2_Stream4_IRQHandler                  0x08000253   Thumb Code     0  startup_stm32f411xe.o(.text)
    DMA2_Stream5_IRQHandler                  0x08000253   Thumb Code     0  startup_stm32f411xe.o(.text)
    DMA2_Stream6_IRQHandler                  0x08000253   Thumb Code     0  startup_stm32f411xe.o(.text)
    DMA2_Stream7_IRQHandler                  0x08000253   Thumb Code     0  startup_stm32f411xe.o(.text)
    EXTI0_IRQHandler                         0x08000253   Thumb Code     0  startup_stm32f411xe.o(.text)
    EXTI15_10_IRQHandler                     0x08000253   Thumb Code     0  startup_stm32f411xe.o(.text)
    EXTI1_IRQHandler                         0x08000253   Thumb Code     0  startup_stm32f411xe.o(.text)
    EXTI2_IRQHandler                         0x08000253   Thumb Code     0  startup_stm32f411xe.o(.text)
    EXTI3_IRQHandler                         0x08000253   Thumb Code     0  startup_stm32f411xe.o(.text)
    EXTI4_IRQHandler                         0x08000253   Thumb Code     0  startup_stm32f411xe.o(.text)
    EXTI9_5_IRQHandler                       0x08000253   Thumb Code     0  startup_stm32f411xe.o(.text)
    FLASH_IRQHandler                         0x08000253   Thumb Code     0  startup_stm32f411xe.o(.text)
    FPU_IRQHandler                           0x08000253   Thumb Code     0  startup_stm32f411xe.o(.text)
    I2C1_ER_IRQHandler                       0x08000253   Thumb Code     0  startup_stm32f411xe.o(.text)
    I2C1_EV_IRQHandler                       0x08000253   Thumb Code     0  startup_stm32f411xe.o(.text)
    I2C2_ER_IRQHandler                       0x08000253   Thumb Code     0  startup_stm32f411xe.o(.text)
    I2C2_EV_IRQHandler                       0x08000253   Thumb Code     0  startup_stm32f411xe.o(.text)
    I2C3_ER_IRQHandler                       0x08000253   Thumb Code     0  startup_stm32f411xe.o(.text)
    I2C3_EV_IRQHandler                       0x08000253   Thumb Code     0  startup_stm32f411xe.o(.text)
    OTG_FS_IRQHandler                        0x08000253   Thumb Code     0  startup_stm32f411xe.o(.text)
    OTG_FS_WKUP_IRQHandler                   0x08000253   Thumb Code     0  startup_stm32f411xe.o(.text)
    PVD_IRQHandler                           0x08000253   Thumb Code     0  startup_stm32f411xe.o(.text)
    RCC_IRQHandler                           0x08000253   Thumb Code     0  startup_stm32f411xe.o(.text)
    RTC_Alarm_IRQHandler                     0x08000253   Thumb Code     0  startup_stm32f411xe.o(.text)
    RTC_WKUP_IRQHandler                      0x08000253   Thumb Code     0  startup_stm32f411xe.o(.text)
    SDIO_IRQHandler                          0x08000253   Thumb Code     0  startup_stm32f411xe.o(.text)
    SPI1_IRQHandler                          0x08000253   Thumb Code     0  startup_stm32f411xe.o(.text)
    SPI2_IRQHandler                          0x08000253   Thumb Code     0  startup_stm32f411xe.o(.text)
    SPI3_IRQHandler                          0x08000253   Thumb Code     0  startup_stm32f411xe.o(.text)
    SPI4_IRQHandler                          0x08000253   Thumb Code     0  startup_stm32f411xe.o(.text)
    SPI5_IRQHandler                          0x08000253   Thumb Code     0  startup_stm32f411xe.o(.text)
    TAMP_STAMP_IRQHandler                    0x08000253   Thumb Code     0  startup_stm32f411xe.o(.text)
    TIM1_BRK_TIM9_IRQHandler                 0x08000253   Thumb Code     0  startup_stm32f411xe.o(.text)
    TIM1_CC_IRQHandler                       0x08000253   Thumb Code     0  startup_stm32f411xe.o(.text)
    TIM1_TRG_COM_TIM11_IRQHandler            0x08000253   Thumb Code     0  startup_stm32f411xe.o(.text)
    TIM1_UP_TIM10_IRQHandler                 0x08000253   Thumb Code     0  startup_stm32f411xe.o(.text)
    TIM2_IRQHandler                          0x08000253   Thumb Code     0  startup_stm32f411xe.o(.text)
    TIM3_IRQHandler                          0x08000253   Thumb Code     0  startup_stm32f411xe.o(.text)
    TIM4_IRQHandler                          0x08000253   Thumb Code     0  startup_stm32f411xe.o(.text)
    TIM5_IRQHandler                          0x08000253   Thumb Code     0  startup_stm32f411xe.o(.text)
    USART2_IRQHandler                        0x08000253   Thumb Code     0  startup_stm32f411xe.o(.text)
    USART6_IRQHandler                        0x08000253   Thumb Code     0  startup_stm32f411xe.o(.text)
    WWDG_IRQHandler                          0x08000253   Thumb Code     0  startup_stm32f411xe.o(.text)
    __user_initial_stackheap                 0x08000255   Thumb Code     0  startup_stm32f411xe.o(.text)
    __use_two_region_memory                  0x08000279   Thumb Code     2  heapauxi.o(.text)
    __rt_heap_escrow$2region                 0x0800027b   Thumb Code     2  heapauxi.o(.text)
    __rt_heap_expand$2region                 0x0800027d   Thumb Code     2  heapauxi.o(.text)
    __read_errno                             0x0800027f   Thumb Code    10  _rserrno.o(.text)
    __set_errno                              0x08000289   Thumb Code    12  _rserrno.o(.text)
    __aeabi_errno_addr                       0x08000295   Thumb Code     8  rt_errno_addr_intlibspace.o(.text)
    __errno$intlibspace                      0x08000295   Thumb Code     0  rt_errno_addr_intlibspace.o(.text)
    __rt_errno_addr$intlibspace              0x08000295   Thumb Code     0  rt_errno_addr_intlibspace.o(.text)
    __user_libspace                          0x0800029d   Thumb Code     8  libspace.o(.text)
    __user_perproc_libspace                  0x0800029d   Thumb Code     0  libspace.o(.text)
    __user_perthread_libspace                0x0800029d   Thumb Code     0  libspace.o(.text)
    __user_setup_stackheap                   0x080002a5   Thumb Code    74  sys_stackheap_outer.o(.text)
    exit                                     0x080002ef   Thumb Code    18  exit.o(.text)
    _sys_exit                                0x08000301   Thumb Code     8  sys_exit.o(.text)
    __I$use$semihosting                      0x0800030d   Thumb Code     0  use_no_semi.o(.text)
    __use_no_semihosting_swi                 0x0800030d   Thumb Code     2  use_no_semi.o(.text)
    __semihosting_library_function           0x0800030f   Thumb Code     0  indicate_semi.o(.text)
    DMA1_Stream0_IRQHandler                  0x08000311   Thumb Code    50  timer.o(.text.DMA1_Stream0_IRQHandler)
    DMA1_Stream3_IRQHandler                  0x08000345   Thumb Code    52  timer.o(.text.DMA1_Stream3_IRQHandler)
    DMA1_Stream4_IRQHandler                  0x08000379   Thumb Code    50  timer.o(.text.DMA1_Stream4_IRQHandler)
    DMA1_Stream5_IRQHandler                  0x080003ad   Thumb Code    52  timer.o(.text.DMA1_Stream5_IRQHandler)
    DshotInit                                0x080003e1   Thumb Code   466  timer.o(.text.DshotInit)
    DshotIssueCommand                        0x080005b5   Thumb Code   304  timer.o(.text.DshotIssueCommand)
    MadgwickAHRSupdateIMU                    0x080006e5   Thumb Code  1080  mahonyahrs.o(.text.MadgwickAHRSupdateIMU)
    SPI1GPIOInit                             0x08000b1d   Thumb Code    68  spi.o(.text.SPI1GPIOInit)
    SPI1Init                                 0x08000b61   Thumb Code   108  spi.o(.text.SPI1Init)
    SPIEnable                                0x08000bcd   Thumb Code    10  spi.o(.text.SPIEnable)
    SPITransfer                              0x08000bd9   Thumb Code    54  spi.o(.text.SPITransfer)
    SysTick_Handler                          0x08000c35   Thumb Code    16  rcc_config.o(.text.SysTick_Handler)
    SystemInit                               0x08000c45   Thumb Code    26  system_stm32f4xx.o(.text.SystemInit)
    USART1Init                               0x08000c61   Thumb Code   120  usart.o(.text.USART1Init)
    USART1_IRQHandler                        0x08000cd9   Thumb Code   178  ibus.o(.text.USART1_IRQHandler)
    armESC                                   0x08000e01   Thumb Code    52  task.o(.text.armESC)
    armProcedure                             0x08000e35   Thumb Code   572  pid.o(.text.armProcedure)
    calibrateMPU6000                         0x08001071   Thumb Code   264  mpu6000.o(.text.calibrateMPU6000)
    clockConfig                              0x08001189   Thumb Code   144  rcc_config.o(.text.clockConfig)
    convertPWMtoDshot                        0x08001219   Thumb Code    92  timer.o(.text.convertPWMtoDshot)
    delayMilliseconds                        0x08001275   Thumb Code    24  rcc_config.o(.text.delayMilliseconds)
    flightProcedure                          0x0800128d   Thumb Code   144  task.o(.text.flightProcedure)
    getGyroRates                             0x0800131d   Thumb Code   184  complementary_filter.o(.text.getGyroRates)
    initMPU6000                              0x080013d5   Thumb Code   360  mpu6000.o(.text.initMPU6000)
    invSqrt                                  0x0800153d   Thumb Code    50  mahonyahrs.o(.text.invSqrt)
    isPresentMPU6000                         0x08001571   Thumb Code    58  mpu6000.o(.text.isPresentMPU6000)
    ledSetup                                 0x080015ad   Thumb Code    58  led_config.o(.text.ledSetup)
    main                                     0x080015e9   Thumb Code    46  main.o(.text.main)
    micros                                   0x08001619   Thumb Code    60  rcc_config.o(.text.micros)
    millis                                   0x08001655   Thumb Code    12  rcc_config.o(.text.millis)
    outputMotors                             0x08001661   Thumb Code   400  mixer.o(.text.outputMotors)
    pidCalculate                             0x080017f1   Thumb Code   576  pid.o(.text.pidCalculate)
    prepareDshotPacket                       0x08001a31   Thumb Code    36  timer.o(.text.prepareDshotPacket)
    printMsg                                 0x08001a55   Thumb Code     2  usart.o(.text.printMsg)
    readMPU6000                              0x08001a59   Thumb Code   346  mpu6000.o(.text.readMPU6000)
    sensorCalibrate                          0x08001bb5   Thumb Code    84  task.o(.text.sensorCalibrate)
    sensorCheck                              0x08001c09   Thumb Code    94  task.o(.text.sensorCheck)
    sensorInit                               0x08001c69   Thumb Code     8  task.o(.text.sensorInit)
    sysSetup                                 0x08001c71   Thumb Code    24  task.o(.text.sysSetup)
    systickConfig                            0x08001c89   Thumb Code    48  rcc_config.o(.text.systickConfig)
    __ARM_fpclassifyf                        0x08001cb9   Thumb Code    38  fpclassifyf.o(i.__ARM_fpclassifyf)
    __hardfp_asinf                           0x08001ce1   Thumb Code   258  asinf.o(i.__hardfp_asinf)
    __hardfp_atan2f                          0x08001e0d   Thumb Code   594  atan2f.o(i.__hardfp_atan2f)
    __mathlib_flt_infnan                     0x080020b9   Thumb Code     6  funder.o(i.__mathlib_flt_infnan)
    __mathlib_flt_infnan2                    0x080020bf   Thumb Code     6  funder.o(i.__mathlib_flt_infnan2)
    __mathlib_flt_invalid                    0x080020c5   Thumb Code    10  funder.o(i.__mathlib_flt_invalid)
    __mathlib_flt_underflow                  0x080020d5   Thumb Code    10  funder.o(i.__mathlib_flt_underflow)
    sqrtf                                    0x080020e5   Thumb Code    62  sqrtf.o(i.sqrtf)
    _fp_init                                 0x08002123   Thumb Code    26  fpinit.o(x$fpl$fpinit)
    __fplib_config_fpu_vfp                   0x0800213b   Thumb Code     0  fpinit.o(x$fpl$fpinit)
    __fplib_config_pureend_doubles           0x0800213b   Thumb Code     0  fpinit.o(x$fpl$fpinit)
    Region$$Table$$Base                      0x0800213c   Number         0  anon$$obj.o(Region$$Table)
    __I$use$fp                               0x0800213c   Number         0  usenofp.o(x$fpl$usenofp)
    Region$$Table$$Limit                     0x0800215c   Number         0  anon$$obj.o(Region$$Table)
    SystemCoreClock                          0x20000000   Data           4  system_stm32f4xx.o(.data.SystemCoreClock)
    beta                                     0x20000004   Data           4  mahonyahrs.o(.data.beta)
    q0                                       0x20000008   Data           4  mahonyahrs.o(.data.q0)
    __libspace_start                         0x20000010   Data          96  libspace.o(.bss)
    __temporary_stack_top$libspace           0x20000070   Data           0  libspace.o(.bss)
    acc_x                                    0x20000078   Data           2  mpu6000.o(.bss.acc_x)
    acc_y                                    0x2000007a   Data           2  mpu6000.o(.bss.acc_y)
    acc_z                                    0x2000007c   Data           2  mpu6000.o(.bss.acc_z)
    angle_pitch                              0x20000080   Data           4  complementary_filter.o(.bss.angle_pitch)
    angle_pitch_acc                          0x20000084   Data           4  complementary_filter.o(.bss.angle_pitch_acc)
    angle_roll                               0x20000088   Data           4  complementary_filter.o(.bss.angle_roll)
    angle_roll_acc                           0x2000008c   Data           4  complementary_filter.o(.bss.angle_roll_acc)
    gyro_x                                   0x200000a2   Data           2  mpu6000.o(.bss.gyro_x)
    gyro_x_rate                              0x200000a8   Data           4  complementary_filter.o(.bss.gyro_x_rate)
    gyro_y                                   0x200000ac   Data           2  mpu6000.o(.bss.gyro_y)
    gyro_y_rate                              0x200000b4   Data           4  complementary_filter.o(.bss.gyro_y_rate)
    gyro_z                                   0x200000b8   Data           2  mpu6000.o(.bss.gyro_z)
    gyro_z_rate                              0x200000c0   Data           4  complementary_filter.o(.bss.gyro_z_rate)
    pid_output_pitch                         0x200000fc   Data           4  pid.o(.bss.pid_output_pitch)
    pid_output_roll                          0x20000100   Data           4  pid.o(.bss.pid_output_roll)
    pid_output_yaw                           0x20000104   Data           4  pid.o(.bss.pid_output_yaw)
    pitchAHRS                                0x20000114   Data           4  mahonyahrs.o(.bss.pitchAHRS)
    q1                                       0x200001a8   Data           4  mahonyahrs.o(.bss.q1)
    q2                                       0x200001ac   Data           4  mahonyahrs.o(.bss.q2)
    q3                                       0x200001b0   Data           4  mahonyahrs.o(.bss.q3)
    rcValue                                  0x200001b4   Data          28  ibus.o(.bss.rcValue)
    rollAHRS                                 0x200001d0   Data           4  mahonyahrs.o(.bss.rollAHRS)
    rxFrameDone                              0x200001d4   Data           1  ibus.o(.bss.rxFrameDone)
    start                                    0x200001d5   Data           1  pid.o(.bss.start)
    temp                                     0x200001d6   Data           2  mpu6000.o(.bss.temp)



==============================================================================

Memory Map of the image

  Image Entry point : 0x08000239

  Load Region LR_1 (Base: 0x08000000, Size: 0x00002168, Max: 0xffffffff, ABSOLUTE)

    Execution Region ER_RO (Exec base: 0x08000000, Load base: 0x08000000, Size: 0x0000215c, Max: 0xffffffff, ABSOLUTE)

    Exec Addr    Load Addr    Size         Type   Attr      Idx    E Section Name        Object

    0x08000000   0x08000000   0x00000198   Data   RO          273    RESET               startup_stm32f411xe.o
    0x08000198   0x08000198   0x00000008   Code   RO          299  * !!!main             c_w.l(__main.o)
    0x080001a0   0x080001a0   0x00000034   Code   RO          533    !!!scatter          c_w.l(__scatter.o)
    0x080001d4   0x080001d4   0x0000001a   Code   RO          535    !!handler_copy      c_w.l(__scatter_copy.o)
    0x080001ee   0x080001ee   0x00000002   PAD
    0x080001f0   0x080001f0   0x0000001c   Code   RO          537    !!handler_zi        c_w.l(__scatter_zi.o)
    0x0800020c   0x0800020c   0x00000002   Code   RO          400    .ARM.Collect$$libinit$$00000000  c_w.l(libinit.o)
    0x0800020e   0x0800020e   0x00000004   Code   RO          403    .ARM.Collect$$libinit$$00000001  c_w.l(libinit2.o)
    0x08000212   0x08000212   0x00000000   Code   RO          406    .ARM.Collect$$libinit$$00000004  c_w.l(libinit2.o)
    0x08000212   0x08000212   0x00000000   Code   RO          409    .ARM.Collect$$libinit$$0000000A  c_w.l(libinit2.o)
    0x08000212   0x08000212   0x00000000   Code   RO          411    .ARM.Collect$$libinit$$0000000C  c_w.l(libinit2.o)
    0x08000212   0x08000212   0x00000000   Code   RO          413    .ARM.Collect$$libinit$$0000000E  c_w.l(libinit2.o)
    0x08000212   0x08000212   0x00000000   Code   RO          416    .ARM.Collect$$libinit$$00000011  c_w.l(libinit2.o)
    0x08000212   0x08000212   0x00000000   Code   RO          418    .ARM.Collect$$libinit$$00000013  c_w.l(libinit2.o)
    0x08000212   0x08000212   0x00000000   Code   RO          420    .ARM.Collect$$libinit$$00000015  c_w.l(libinit2.o)
    0x08000212   0x08000212   0x00000000   Code   RO          422    .ARM.Collect$$libinit$$00000017  c_w.l(libinit2.o)
    0x08000212   0x08000212   0x00000000   Code   RO          424    .ARM.Collect$$libinit$$00000019  c_w.l(libinit2.o)
    0x08000212   0x08000212   0x00000000   Code   RO          426    .ARM.Collect$$libinit$$0000001B  c_w.l(libinit2.o)
    0x08000212   0x08000212   0x00000000   Code   RO          428    .ARM.Collect$$libinit$$0000001D  c_w.l(libinit2.o)
    0x08000212   0x08000212   0x00000000   Code   RO          430    .ARM.Collect$$libinit$$0000001F  c_w.l(libinit2.o)
    0x08000212   0x08000212   0x00000000   Code   RO          432    .ARM.Collect$$libinit$$00000021  c_w.l(libinit2.o)
    0x08000212   0x08000212   0x00000000   Code   RO          434    .ARM.Collect$$libinit$$00000023  c_w.l(libinit2.o)
    0x08000212   0x08000212   0x00000000   Code   RO          436    .ARM.Collect$$libinit$$00000025  c_w.l(libinit2.o)
    0x08000212   0x08000212   0x00000000   Code   RO          440    .ARM.Collect$$libinit$$0000002C  c_w.l(libinit2.o)
    0x08000212   0x08000212   0x00000000   Code   RO          442    .ARM.Collect$$libinit$$0000002E  c_w.l(libinit2.o)
    0x08000212   0x08000212   0x00000000   Code   RO          444    .ARM.Collect$$libinit$$00000030  c_w.l(libinit2.o)
    0x08000212   0x08000212   0x00000000   Code   RO          446    .ARM.Collect$$libinit$$00000032  c_w.l(libinit2.o)
    0x08000212   0x08000212   0x00000002   Code   RO          447    .ARM.Collect$$libinit$$00000033  c_w.l(libinit2.o)
    0x08000214   0x08000214   0x00000002   Code   RO          469    .ARM.Collect$$libshutdown$$00000000  c_w.l(libshutdown.o)
    0x08000216   0x08000216   0x00000000   Code   RO          484    .ARM.Collect$$libshutdown$$00000002  c_w.l(libshutdown2.o)
    0x08000216   0x08000216   0x00000000   Code   RO          486    .ARM.Collect$$libshutdown$$00000004  c_w.l(libshutdown2.o)
    0x08000216   0x08000216   0x00000000   Code   RO          489    .ARM.Collect$$libshutdown$$00000007  c_w.l(libshutdown2.o)
    0x08000216   0x08000216   0x00000000   Code   RO          492    .ARM.Collect$$libshutdown$$0000000A  c_w.l(libshutdown2.o)
    0x08000216   0x08000216   0x00000000   Code   RO          494    .ARM.Collect$$libshutdown$$0000000C  c_w.l(libshutdown2.o)
    0x08000216   0x08000216   0x00000000   Code   RO          497    .ARM.Collect$$libshutdown$$0000000F  c_w.l(libshutdown2.o)
    0x08000216   0x08000216   0x00000002   Code   RO          498    .ARM.Collect$$libshutdown$$00000010  c_w.l(libshutdown2.o)
    0x08000218   0x08000218   0x00000000   Code   RO          339    .ARM.Collect$$rtentry$$00000000  c_w.l(__rtentry.o)
    0x08000218   0x08000218   0x00000000   Code   RO          369    .ARM.Collect$$rtentry$$00000002  c_w.l(__rtentry2.o)
    0x08000218   0x08000218   0x00000006   Code   RO          381    .ARM.Collect$$rtentry$$00000004  c_w.l(__rtentry4.o)
    0x0800021e   0x0800021e   0x00000000   Code   RO          371    .ARM.Collect$$rtentry$$00000009  c_w.l(__rtentry2.o)
    0x0800021e   0x0800021e   0x00000004   Code   RO          372    .ARM.Collect$$rtentry$$0000000A  c_w.l(__rtentry2.o)
    0x08000222   0x08000222   0x00000000   Code   RO          374    .ARM.Collect$$rtentry$$0000000C  c_w.l(__rtentry2.o)
    0x08000222   0x08000222   0x00000008   Code   RO          375    .ARM.Collect$$rtentry$$0000000D  c_w.l(__rtentry2.o)
    0x0800022a   0x0800022a   0x00000002   Code   RO          401    .ARM.Collect$$rtexit$$00000000  c_w.l(rtexit.o)
    0x0800022c   0x0800022c   0x00000000   Code   RO          449    .ARM.Collect$$rtexit$$00000002  c_w.l(rtexit2.o)
    0x0800022c   0x0800022c   0x00000004   Code   RO          450    .ARM.Collect$$rtexit$$00000003  c_w.l(rtexit2.o)
    0x08000230   0x08000230   0x00000006   Code   RO          451    .ARM.Collect$$rtexit$$00000004  c_w.l(rtexit2.o)
    0x08000236   0x08000236   0x00000002   PAD
    0x08000238   0x08000238   0x00000040   Code   RO          274  * .text               startup_stm32f411xe.o
    0x08000278   0x08000278   0x00000006   Code   RO          297    .text               c_w.l(heapauxi.o)
    0x0800027e   0x0800027e   0x00000016   Code   RO          340    .text               c_w.l(_rserrno.o)
    0x08000294   0x08000294   0x00000008   Code   RO          386    .text               c_w.l(rt_errno_addr_intlibspace.o)
    0x0800029c   0x0800029c   0x00000008   Code   RO          388    .text               c_w.l(libspace.o)
    0x080002a4   0x080002a4   0x0000004a   Code   RO          391    .text               c_w.l(sys_stackheap_outer.o)
    0x080002ee   0x080002ee   0x00000012   Code   RO          393    .text               c_w.l(exit.o)
    0x08000300   0x08000300   0x0000000c   Code   RO          459    .text               c_w.l(sys_exit.o)
    0x0800030c   0x0800030c   0x00000002   Code   RO          474    .text               c_w.l(use_no_semi.o)
    0x0800030e   0x0800030e   0x00000000   Code   RO          476    .text               c_w.l(indicate_semi.o)
    0x0800030e   0x0800030e   0x00000002   PAD
    0x08000310   0x08000310   0x00000032   Code   RO          215    .text.DMA1_Stream0_IRQHandler  timer.o
    0x08000342   0x08000342   0x00000002   PAD
    0x08000344   0x08000344   0x00000034   Code   RO          217    .text.DMA1_Stream3_IRQHandler  timer.o
    0x08000378   0x08000378   0x00000032   Code   RO          211    .text.DMA1_Stream4_IRQHandler  timer.o
    0x080003aa   0x080003aa   0x00000002   PAD
    0x080003ac   0x080003ac   0x00000034   Code   RO          213    .text.DMA1_Stream5_IRQHandler  timer.o
    0x080003e0   0x080003e0   0x000001d2   Code   RO          199    .text.DshotInit     timer.o
    0x080005b2   0x080005b2   0x00000002   PAD
    0x080005b4   0x080005b4   0x00000130   Code   RO          207    .text.DshotIssueCommand  timer.o
    0x080006e4   0x080006e4   0x00000438   Code   RO           26    .text.MadgwickAHRSupdateIMU  mahonyahrs.o
    0x08000b1c   0x08000b1c   0x00000044   Code   RO          158    .text.SPI1GPIOInit  spi.o
    0x08000b60   0x08000b60   0x0000006c   Code   RO          160    .text.SPI1Init      spi.o
    0x08000bcc   0x08000bcc   0x0000000a   Code   RO          162    .text.SPIEnable     spi.o
    0x08000bd6   0x08000bd6   0x00000002   PAD
    0x08000bd8   0x08000bd8   0x00000036   Code   RO          166    .text.SPITransfer   spi.o
    0x08000c0e   0x08000c0e   0x00000002   PAD
    0x08000c10   0x08000c10   0x00000024   Code   RO          130    .text.SysTick_Config  rcc_config.o
    0x08000c34   0x08000c34   0x00000010   Code   RO          144    .text.SysTick_Handler  rcc_config.o
    0x08000c44   0x08000c44   0x0000001a   Code   RO          281    .text.SystemInit    system_stm32f4xx.o
    0x08000c5e   0x08000c5e   0x00000002   PAD
    0x08000c60   0x08000c60   0x00000078   Code   RO          231    .text.USART1Init    usart.o
    0x08000cd8   0x08000cd8   0x000000b2   Code   RO            2    .text.USART1_IRQHandler  ibus.o
    0x08000d8a   0x08000d8a   0x00000002   PAD
    0x08000d8c   0x08000d8c   0x00000016   Code   RO          203    .text.__NVIC_EnableIRQ  timer.o
    0x08000da2   0x08000da2   0x00000002   PAD
    0x08000da4   0x08000da4   0x0000000e   Code   RO          235    .text.__NVIC_EnableIRQ  usart.o
    0x08000db2   0x08000db2   0x00000002   PAD
    0x08000db4   0x08000db4   0x0000000e   Code   RO          134    .text.__NVIC_SetPriority  rcc_config.o
    0x08000dc2   0x08000dc2   0x00000002   PAD
    0x08000dc4   0x08000dc4   0x00000010   Code   RO          201    .text.__NVIC_SetPriority  timer.o
    0x08000dd4   0x08000dd4   0x0000000e   Code   RO          233    .text.__NVIC_SetPriority  usart.o
    0x08000de2   0x08000de2   0x00000002   PAD
    0x08000de4   0x08000de4   0x0000001c   Code   RO          132    .text.__NVIC_SetPriorityGrouping  rcc_config.o
    0x08000e00   0x08000e00   0x00000034   Code   RO          188    .text.armESC        task.o
    0x08000e34   0x08000e34   0x0000023c   Code   RO          107    .text.armProcedure  pid.o
    0x08001070   0x08001070   0x00000118   Code   RO           78    .text.calibrateMPU6000  mpu6000.o
    0x08001188   0x08001188   0x00000090   Code   RO          146    .text.clockConfig   rcc_config.o
    0x08001218   0x08001218   0x0000005c   Code   RO          209    .text.convertPWMtoDshot  timer.o
    0x08001274   0x08001274   0x00000018   Code   RO          140    .text.delayMilliseconds  rcc_config.o
    0x0800128c   0x0800128c   0x00000090   Code   RO          190    .text.flightProcedure  task.o
    0x0800131c   0x0800131c   0x000000b8   Code   RO          250    .text.getGyroRates  complementary_filter.o
    0x080013d4   0x080013d4   0x00000168   Code   RO           74    .text.initMPU6000   mpu6000.o
    0x0800153c   0x0800153c   0x00000032   Code   RO           28    .text.invSqrt       mahonyahrs.o
    0x0800156e   0x0800156e   0x00000002   PAD
    0x08001570   0x08001570   0x0000003a   Code   RO           72    .text.isPresentMPU6000  mpu6000.o
    0x080015aa   0x080015aa   0x00000002   PAD
    0x080015ac   0x080015ac   0x0000003a   Code   RO           16    .text.ledSetup      led_config.o
    0x080015e6   0x080015e6   0x00000002   PAD
    0x080015e8   0x080015e8   0x0000002e   Code   RO           46    .text.main          main.o
    0x08001616   0x08001616   0x00000002   PAD
    0x08001618   0x08001618   0x0000003c   Code   RO          136    .text.micros        rcc_config.o
    0x08001654   0x08001654   0x0000000c   Code   RO          138    .text.millis        rcc_config.o
    0x08001660   0x08001660   0x00000190   Code   RO           56    .text.outputMotors  mixer.o
    0x080017f0   0x080017f0   0x00000240   Code   RO          105    .text.pidCalculate  pid.o
    0x08001a30   0x08001a30   0x00000024   Code   RO          205    .text.prepareDshotPacket  timer.o
    0x08001a54   0x08001a54   0x00000002   Code   RO          239    .text.printMsg      usart.o
    0x08001a56   0x08001a56   0x00000002   PAD
    0x08001a58   0x08001a58   0x0000015a   Code   RO           76    .text.readMPU6000   mpu6000.o
    0x08001bb2   0x08001bb2   0x00000002   PAD
    0x08001bb4   0x08001bb4   0x00000054   Code   RO          184    .text.sensorCalibrate  task.o
    0x08001c08   0x08001c08   0x0000005e   Code   RO          180    .text.sensorCheck   task.o
    0x08001c66   0x08001c66   0x00000002   PAD
    0x08001c68   0x08001c68   0x00000008   Code   RO          182    .text.sensorInit    task.o
    0x08001c70   0x08001c70   0x00000018   Code   RO          178    .text.sysSetup      task.o
    0x08001c88   0x08001c88   0x00000030   Code   RO          128    .text.systickConfig  rcc_config.o
    0x08001cb8   0x08001cb8   0x00000026   Code   RO          349    i.__ARM_fpclassifyf  m_wm.l(fpclassifyf.o)
    0x08001cde   0x08001cde   0x00000002   PAD
    0x08001ce0   0x08001ce0   0x0000012c   Code   RO          309    i.__hardfp_asinf    m_wm.l(asinf.o)
    0x08001e0c   0x08001e0c   0x000002ac   Code   RO          315    i.__hardfp_atan2f   m_wm.l(atan2f.o)
    0x080020b8   0x080020b8   0x00000006   Code   RO          352    i.__mathlib_flt_infnan  m_wm.l(funder.o)
    0x080020be   0x080020be   0x00000006   Code   RO          353    i.__mathlib_flt_infnan2  m_wm.l(funder.o)
    0x080020c4   0x080020c4   0x00000010   Code   RO          354    i.__mathlib_flt_invalid  m_wm.l(funder.o)
    0x080020d4   0x080020d4   0x00000010   Code   RO          357    i.__mathlib_flt_underflow  m_wm.l(funder.o)
    0x080020e4   0x080020e4   0x0000003e   Code   RO          335    i.sqrtf             m_wm.l(sqrtf.o)
    0x08002122   0x08002122   0x0000001a   Code   RO          457    x$fpl$fpinit        fz_wm.l(fpinit.o)
    0x0800213c   0x0800213c   0x00000000   Code   RO          348    x$fpl$usenofp       fz_wm.l(usenofp.o)
    0x0800213c   0x0800213c   0x00000020   Data   RO          532    Region$$Table       anon$$obj.o


    Execution Region ER_RW (Exec base: 0x20000000, Load base: 0x0800215c, Size: 0x0000000c, Max: 0xffffffff, ABSOLUTE)

    Exec Addr    Load Addr    Size         Type   Attr      Idx    E Section Name        Object

    0x20000000   0x0800215c   0x00000004   Data   RW          285    .data.SystemCoreClock  system_stm32f4xx.o
    0x20000004   0x08002160   0x00000004   Data   RW           30    .data.beta          mahonyahrs.o
    0x20000008   0x08002164   0x00000004   Data   RW           31    .data.q0            mahonyahrs.o


    Execution Region ER_ZI (Exec base: 0x20000010, Load base: 0x08002168, Size: 0x000007c8, Max: 0xffffffff, ABSOLUTE)

    Exec Addr    Load Addr    Size         Type   Attr      Idx    E Section Name        Object

    0x20000010        -       0x00000060   Zero   RW          389    .bss                c_w.l(libspace.o)
    0x20000070        -       0x00000004   Zero   RW          149    .bss.Micros         rcc_config.o
    0x20000074        -       0x00000004   Zero   RW          148    .bss.Millis         rcc_config.o
    0x20000078        -       0x00000002   Zero   RW           80    .bss.acc_x          mpu6000.o
    0x2000007a        -       0x00000002   Zero   RW           81    .bss.acc_y          mpu6000.o
    0x2000007c        -       0x00000002   Zero   RW           82    .bss.acc_z          mpu6000.o
    0x2000007e   0x08002168   0x00000002   PAD
    0x20000080        -       0x00000004   Zero   RW          259    .bss.angle_pitch    complementary_filter.o
    0x20000084        -       0x00000004   Zero   RW          254    .bss.angle_pitch_acc  complementary_filter.o
    0x20000088        -       0x00000004   Zero   RW          260    .bss.angle_roll     complementary_filter.o
    0x2000008c        -       0x00000004   Zero   RW          255    .bss.angle_roll_acc  complementary_filter.o
    0x20000090        -       0x00000004   Zero   RW           87    .bss.cal_int        mpu6000.o
    0x20000094        -       0x00000002   Zero   RW           62    .bss.dshot_1        mixer.o
    0x20000096        -       0x00000002   Zero   RW           63    .bss.dshot_2        mixer.o
    0x20000098        -       0x00000002   Zero   RW           64    .bss.dshot_3        mixer.o
    0x2000009a        -       0x00000002   Zero   RW           58    .bss.esc_1          mixer.o
    0x2000009c        -       0x00000002   Zero   RW           59    .bss.esc_2          mixer.o
    0x2000009e        -       0x00000002   Zero   RW           60    .bss.esc_3          mixer.o
    0x200000a0        -       0x00000002   Zero   RW           61    .bss.esc_4          mixer.o
    0x200000a2        -       0x00000002   Zero   RW           84    .bss.gyro_x         mpu6000.o
    0x200000a4        -       0x00000004   Zero   RW           88    .bss.gyro_x_cal     mpu6000.o
    0x200000a8        -       0x00000004   Zero   RW          256    .bss.gyro_x_rate    complementary_filter.o
    0x200000ac        -       0x00000002   Zero   RW           85    .bss.gyro_y         mpu6000.o
    0x200000ae   0x08002168   0x00000002   PAD
    0x200000b0        -       0x00000004   Zero   RW           89    .bss.gyro_y_cal     mpu6000.o
    0x200000b4        -       0x00000004   Zero   RW          257    .bss.gyro_y_rate    complementary_filter.o
    0x200000b8        -       0x00000002   Zero   RW           86    .bss.gyro_z         mpu6000.o
    0x200000ba   0x08002168   0x00000002   PAD
    0x200000bc        -       0x00000004   Zero   RW           90    .bss.gyro_z_cal     mpu6000.o
    0x200000c0        -       0x00000004   Zero   RW          258    .bss.gyro_z_rate    complementary_filter.o
    0x200000c4        -       0x00000020   Zero   RW            6    .bss.ibus           ibus.o
    0x200000e4        -       0x00000001   Zero   RW            5    .bss.ibusIndex      ibus.o
    0x200000e5   0x08002168   0x00000003   PAD
    0x200000e8        -       0x00000004   Zero   RW          115    .bss.pid_i_mem_pitch  pid.o
    0x200000ec        -       0x00000004   Zero   RW          111    .bss.pid_i_mem_roll  pid.o
    0x200000f0        -       0x00000004   Zero   RW          119    .bss.pid_i_mem_yaw  pid.o
    0x200000f4        -       0x00000004   Zero   RW          116    .bss.pid_last_pitch_d_error  pid.o
    0x200000f8        -       0x00000004   Zero   RW          112    .bss.pid_last_roll_d_error  pid.o
    0x200000fc        -       0x00000004   Zero   RW          117    .bss.pid_output_pitch  pid.o
    0x20000100        -       0x00000004   Zero   RW          113    .bss.pid_output_roll  pid.o
    0x20000104        -       0x00000004   Zero   RW          120    .bss.pid_output_yaw  pid.o
    0x20000108        -       0x00000004   Zero   RW          114    .bss.pid_pitch_setpoint  pid.o
    0x2000010c        -       0x00000004   Zero   RW          110    .bss.pid_roll_setpoint  pid.o
    0x20000110        -       0x00000004   Zero   RW          118    .bss.pid_yaw_setpoint  pid.o
    0x20000114        -       0x00000004   Zero   RW           36    .bss.pitchAHRS      mahonyahrs.o
    0x20000118        -       0x00000024   Zero   RW          219    .bss.pulseTIM3CH1   timer.o
    0x2000013c        -       0x00000024   Zero   RW          220    .bss.pulseTIM3CH2   timer.o
    0x20000160        -       0x00000024   Zero   RW          221    .bss.pulseTIM4CH1   timer.o
    0x20000184        -       0x00000024   Zero   RW          222    .bss.pulseTIM4CH2   timer.o
    0x200001a8        -       0x00000004   Zero   RW           32    .bss.q1             mahonyahrs.o
    0x200001ac        -       0x00000004   Zero   RW           33    .bss.q2             mahonyahrs.o
    0x200001b0        -       0x00000004   Zero   RW           34    .bss.q3             mahonyahrs.o
    0x200001b4        -       0x0000001c   Zero   RW            7    .bss.rcValue        ibus.o
    0x200001d0        -       0x00000004   Zero   RW           35    .bss.rollAHRS       mahonyahrs.o
    0x200001d4        -       0x00000001   Zero   RW            4    .bss.rxFrameDone    ibus.o
    0x200001d5        -       0x00000001   Zero   RW          109    .bss.start          pid.o
    0x200001d6        -       0x00000002   Zero   RW           83    .bss.temp           mpu6000.o
    0x200001d8        -       0x00000200   Zero   RW          272    HEAP                startup_stm32f411xe.o
    0x200003d8        -       0x00000400   Zero   RW          271    STACK               startup_stm32f411xe.o


==============================================================================

Image component sizes


      Code (inc. data)   RO Data    RW Data    ZI Data      Debug   Object Name

       184         12          0          0         28       1402   complementary_filter.o
       178          0          0          0         62       1430   ibus.o
        58          0          0          0          0       1610   led_config.o
      1130          8          0          8         20       8083   mahonyahrs.o
        46          0          0          0          0        508   main.o
       400          0          0          0         14        963   mixer.o
      1044         16          0          0         30       2492   mpu6000.o
      1148         28          0          0         45       2734   pid.o
       382          0          0          0          8       5787   rcc_config.o
       240          0          0          0          0       3193   spi.o
        64         26        408          0       1536        864   startup_stm32f411xe.o
        26          0          0          4          0       2737   system_stm32f4xx.o
       406          4          0          0          0       1672   task.o
      1140         16          0          0        144       7511   timer.o
       150          0          0          0          0       4709   usart.o

    ----------------------------------------------------------------------
      6632        110        440         12       1896      45695   Object Totals
         0          0         32          0          0          0   (incl. Generated)
        36          0          0          0          9          0   (incl. Padding)

    ----------------------------------------------------------------------

      Code (inc. data)   RO Data    RW Data    ZI Data      Debug   Library Member Name

         8          0          0          0          0         68   __main.o
         0          0          0          0          0          0   __rtentry.o
        12          0          0          0          0          0   __rtentry2.o
         6          0          0          0          0          0   __rtentry4.o
        52          8          0          0          0          0   __scatter.o
        26          0          0          0          0          0   __scatter_copy.o
        28          0          0          0          0          0   __scatter_zi.o
        22          0          0          0          0        100   _rserrno.o
        18          0          0          0          0         80   exit.o
         6          0          0          0          0        152   heapauxi.o
         0          0          0          0          0          0   indicate_semi.o
         2          0          0          0          0          0   libinit.o
         6          0          0          0          0          0   libinit2.o
         2          0          0          0          0          0   libshutdown.o
         2          0          0          0          0          0   libshutdown2.o
         8          4          0          0         96         68   libspace.o
         8          4          0          0          0         68   rt_errno_addr_intlibspace.o
         2          0          0          0          0          0   rtexit.o
        10          0          0          0          0          0   rtexit2.o
        12          4          0          0          0         68   sys_exit.o
        74          0          0          0          0         80   sys_stackheap_outer.o
         2          0          0          0          0         68   use_no_semi.o
        26          0          0          0          0        116   fpinit.o
         0          0          0          0          0          0   usenofp.o
       300         42          0          0          0        176   asinf.o
       684         90          0          0          0        208   atan2f.o
        38          0          0          0          0        116   fpclassifyf.o
        44         12          0          0          0        464   funder.o
        62          0          0          0          0        136   sqrtf.o

    ----------------------------------------------------------------------
      1468        164          0          0         96       1968   Library Totals
         8          0          0          0          0          0   (incl. Padding)

    ----------------------------------------------------------------------

      Code (inc. data)   RO Data    RW Data    ZI Data      Debug   Library Name

       306         20          0          0         96        752   c_w.l
        26          0          0          0          0        116   fz_wm.l
      1128        144          0          0          0       1100   m_wm.l

    ----------------------------------------------------------------------
      1468        164          0          0         96       1968   Library Totals

    ----------------------------------------------------------------------

==============================================================================


      Code (inc. data)   RO Data    RW Data    ZI Data      Debug   

      8100        274        440         12       1992      46495   Grand Totals
      8100        274        440         12       1992      46495   ELF Image Totals
      8100        274        440         12          0          0   ROM Totals

==============================================================================

    Total RO  Size (Code + RO Data)                 8540 (   8.34kB)
    Total RW  Size (RW Data + ZI Data)              2004 (   1.96kB)
    Total ROM Size (Code + RO Data + RW Data)       8552 (   8.35kB)

==============================================================================

